
/root/wsFreedomStudio/sifive_e24_rtl_eval_21G1_hello/src/release/hello.elf:     file format elf32-littleriscv
/root/wsFreedomStudio/sifive_e24_rtl_eval_21G1_hello/src/release/hello.elf
architecture: riscv:rv32, flags 0x00000112:
EXEC_P, HAS_SYMS, D_PAGED
start address 0x08000000

Program Header:
    LOAD off    0x00001000 vaddr 0x08000000 paddr 0x08000000 align 2**12
         filesz 0x000002d8 memsz 0x000002d8 flags r-x
    LOAD off    0x00001790 vaddr 0x08000790 paddr 0x08000790 align 2**12
         filesz 0x0000006c memsz 0x0000006c flags rw-
     TLS off    0x00000000 vaddr 0x00000000 paddr 0x00000000 align 2**2
         filesz 0x00000000 memsz 0x00000000 flags ---
    LOAD off    0x00001800 vaddr 0x08000800 paddr 0x08000800 align 2**12
         filesz 0x00000000 memsz 0x00000ca0 flags rw-
    LOAD off    0x000017fc vaddr 0x00000000 paddr 0x00000000 align 2**12
         filesz 0x00000000 memsz 0x00000000 flags ---
    LOAD off    0x000022d8 vaddr 0x080002d8 paddr 0x080002d8 align 2**12
         filesz 0x000004b8 memsz 0x000004b8 flags r-x
    LOAD off    0x00002790 vaddr 0x00000000 paddr 0x00000000 align 2**12
         filesz 0x00000000 memsz 0x00000000 flags ---

Sections:
Idx Name              Size      VMA       LMA       File off  Algn  Flags
  0 .init             000002c2  08000000  08000000  00001000  2**4  CONTENTS, ALLOC, LOAD, READONLY, CODE
  1 .rodata           00000016  080002c2  080002c2  000012c2  2**0  CONTENTS, ALLOC, LOAD, READONLY, DATA
  2 .text             000004b8  080002d8  080002d8  000022d8  2**1  CONTENTS, ALLOC, LOAD, READONLY, CODE
  3 .data             0000006c  08000790  08000790  00001790  2**3  CONTENTS, ALLOC, LOAD, DATA
  4 .bss              00000098  08000800  08000800  00001800  2**3  ALLOC
  5 .stack            00000400  080008a0  080008a0  00001800  2**4  ALLOC
  6 .heap             00000800  08000ca0  08000ca0  00001800  2**3  ALLOC
  7 .debug_info       0000714e  00000000  00000000  00002790  2**0  CONTENTS, READONLY, DEBUGGING
  8 .debug_abbrev     0000101a  00000000  00000000  000098de  2**0  CONTENTS, READONLY, DEBUGGING
  9 .debug_loc        0000179f  00000000  00000000  0000a8f8  2**0  CONTENTS, READONLY, DEBUGGING
 10 .debug_aranges    00000390  00000000  00000000  0000c098  2**3  CONTENTS, READONLY, DEBUGGING
 11 .debug_ranges     000006d8  00000000  00000000  0000c428  2**3  CONTENTS, READONLY, DEBUGGING
 12 .debug_line       00004cf8  00000000  00000000  0000cb00  2**0  CONTENTS, READONLY, DEBUGGING
 13 .debug_str        00001cc7  00000000  00000000  000117f8  2**0  CONTENTS, READONLY, DEBUGGING
 14 .comment          00000028  00000000  00000000  000134bf  2**0  CONTENTS, READONLY
 15 .riscv.attributes 0000002b  00000000  00000000  000134e7  2**0  CONTENTS, READONLY
 16 .debug_frame      00000814  00000000  00000000  00013514  2**2  CONTENTS, READONLY, DEBUGGING
SYMBOL TABLE:
08000000 l    d  .init	00000000 .init
080002c2 l    d  .rodata	00000000 .rodata
080002d8 l    d  .text	00000000 .text
08000790 l    d  .data	00000000 .data
08000800 l    d  .bss	00000000 .bss
080008a0 l    d  .stack	00000000 .stack
08000ca0 l    d  .heap	00000000 .heap
00000000 l    d  .debug_info	00000000 .debug_info
00000000 l    d  .debug_abbrev	00000000 .debug_abbrev
00000000 l    d  .debug_loc	00000000 .debug_loc
00000000 l    d  .debug_aranges	00000000 .debug_aranges
00000000 l    d  .debug_ranges	00000000 .debug_ranges
00000000 l    d  .debug_line	00000000 .debug_line
00000000 l    d  .debug_str	00000000 .debug_str
00000000 l    d  .comment	00000000 .comment
00000000 l    d  .riscv.attributes	00000000 .riscv.attributes
00000000 l    d  .debug_frame	00000000 .debug_frame
00000000 l    df *ABS*	00000000 scrub.o
080000ca l     F .init	00000000 __metal_memory_scrub
08000138 l       .init	00000000 skip_scrub
00000000 l    df *ABS*	00000000 synchronize_harts.c
00000000 l    df *ABS*	00000000 crt0.o
08000228 l       .init	00000000 _skip_init
080002c2 l       .rodata	00000000 argv
080002c6 l       .rodata	00000000 envp
080002ca l       .rodata	00000000 name
00000000 l    df *ABS*	00000000 hello.c
00000000 l    df *ABS*	00000000 ap_hal.c
00000000 l    df *ABS*	00000000 atexit.c
00000000 l    df *ABS*	00000000 exit.c
00000000 l    df *ABS*	00000000 fini.c
00000000 l    df *ABS*	00000000 init.c
00000000 l    df *ABS*	00000000 __atexit.c
0800080c l     O .bss	0000008c _global_atexit0
00000000 l    df *ABS*	00000000 __call_atexit.c
00000000 l    df *ABS*	00000000 init.c
08000804 l     O .bss	00000004 fini_done.1540
08000808 l     O .bss	00000004 init_done.1531
00000000 l    df *ABS*	00000000 sifive_test0.c
00000000 l    df *ABS*	00000000 shutdown.c
00000000 l    df *ABS*	00000000 sys_exit.c
00000000 l    df *ABS*	00000000 impure.c
08000790 l     O .data	00000060 impure_data
00000000 l    df *ABS*	00000000 inline.c
00000000 l    df *ABS*	00000000 
080002c8 l       .rodata	00000000 metal_constructors_end
080002c8 l       .rodata	00000000 __fini_array_end
080002c8 l       .rodata	00000000 metal_destructors_end
080002c8 l       .rodata	00000000 metal_destructors_start
080002c8 l       .rodata	00000000 __fini_array_start
080002c8 l       .rodata	00000000 __init_array_end
080002c8 l       .rodata	00000000 __preinit_array_end
080002c8 l       .rodata	00000000 __init_array_start
080002c8 l       .rodata	00000000 metal_constructors_start
080002c8 l       .rodata	00000000 __preinit_array_start
08000ff0 g       .data	00000000 __global_pointer$
08000800 g       .data	00000000 __tls_base
08000898 g       .bss	00000000 metal_segment_bss_target_end
00000001 g       *ABS*	00000000 __metal_chicken_bit
08000746 g     F .text	0000002a __metal_driver_sifive_test0_exit
08000456 g     F .text	00000046 ap_set_value
80008000 g       .rodata	00000000 metal_segment_itim_target_start
0800014a g     F .init	00000002 __metal_synchronize_harts
08000800 g       .data	00000000 metal_segment_bss_target_start
080007f4 g     O .data	00000004 __metal_dt_teststatus_4000
00000400 g       *ABS*	00000000 __stack_size
080000d6  w    F .init	00000000 __metal_before_start
08000742  w    F .text	00000002 metal_init_run
00000000 g       *ABS*	00000000 __metal_eccscrub_bit
08000ca0 g       .heap	00000000 metal_segment_heap_target_start
08000376 g     F .text	00000096 warmup_ap
080006ba g     F .text	00000044 metal_init
080002d8 g       .rodata	00000000 metal_segment_lim_target_end
080007f0 g     O .data	00000004 _global_impure_ptr
08000508 g     F .text	0000006a __libc_init_array
080002a2 g     F .init	00000002 _init
080004d0 g     F .text	00000038 __libc_fini_array
080006fe g     F .text	00000044 metal_fini
08000790 g       .data	00000000 metal_segment_data_target_start
00000000 g       *ABS*	00000000 __tbss_size
00000800 g       *ABS*	00000000 __heap_size
08000800 g     O .bss	00000004 _global_atexit
080005f6 g     F .text	000000c4 __call_exitprocs
08000ca0 g       .stack	00000000 _sp
0800014c g     F .init	00000000 _start
08000572 g     F .text	00000084 __register_exitproc
08000326 g     F .text	00000050 op_target_setup
080002ee g     F .text	00000038 set_value_test
080002a4  w    F .init	00000000 secondary_main
08000426 g     F .text	00000030 waiting_for_ap_computing
080002d8 g     F .text	00000016 main
08000800 g       .data	00000000 metal_segment_data_target_end
0800077a g     F .text	00000010 metal_shutdown
80008000 g       .rodata	00000000 metal_segment_itim_target_end
08000092 g     F .init	00000000 metal_mem_scrub
08000000 g       .init	00000000 _enter
080002d8 g       *ABS*	00000000 metal_segment_itim_source_start
080002a2 g     F .init	00000002 _fini
080002d8 g       .rodata	00000000 metal_segment_lim_target_start
0800049c g     F .text	0000000a atexit
08000770 g     F .text	0000000a __metal_shutdown_exit
080007f8 g     O .data	00000004 __metal_driver_vtable_sifive_test0
08000790 g       *ABS*	00000000 metal_segment_data_source_start
0800013c g       .init	00000000 early_trap_vector
080014a0 g       .heap	00000000 metal_segment_heap_target_end
0800040c g     F .text	0000001a ap_irq_check
080004a6 g     F .text	0000002a exit
080002d8 g       *ABS*	00000000 metal_segment_lim_source_start
08000744  w    F .text	00000002 metal_fini_run
0800078a g     F .text	00000006 _exit
08000090  w      .init	00000000 __register_frame_info
00000000 g       *ABS*	00000000 __metal_boot_hart



Disassembly of section .init:

08000000 <_enter>:
_enter():
/root/wsFreedomStudio/sifive_e24_rtl_eval_21G1_hello/freedom-metal/src/entry.S:24
     * it's not valid to obtain the address of any symbol without GP
     * configured.  The C environment might go ahead and do this again, but
     * that's safe as it's a fixed register. */
.option push
.option norelax
    la gp, __global_pointer$
 8000000:	00001197          	auipc	gp,0x1
 8000004:	ff018193          	addi	gp,gp,-16 # 8000ff0 <__global_pointer$>
/root/wsFreedomStudio/sifive_e24_rtl_eval_21G1_hello/freedom-metal/src/entry.S:28
.option pop

    /* trap over the chicken bit register clearing, aloe & fe310 dont have it */
    la t0, 1f
 8000008:	00000297          	auipc	t0,0x0
 800000c:	01828293          	addi	t0,t0,24 # 8000020 <_enter+0x20>
/root/wsFreedomStudio/sifive_e24_rtl_eval_21G1_hello/freedom-metal/src/entry.S:29
    csrw mtvec, t0
 8000010:	30529073          	csrw	mtvec,t0
/root/wsFreedomStudio/sifive_e24_rtl_eval_21G1_hello/freedom-metal/src/entry.S:31
    /* chicken bit is enable if core are sifive series. */
    la t0, __metal_chicken_bit
 8000014:	00100293          	li	t0,1
/root/wsFreedomStudio/sifive_e24_rtl_eval_21G1_hello/freedom-metal/src/entry.S:32
    beqz t0, 1f
 8000018:	00028463          	beqz	t0,8000020 <_enter+0x20>
/root/wsFreedomStudio/sifive_e24_rtl_eval_21G1_hello/freedom-metal/src/entry.S:34
    /* If set, always clear the feature disable register for all cores series */
    csrwi 0x7C1, 0
 800001c:	7c105073          	csrwi	0x7c1,0
/root/wsFreedomStudio/sifive_e24_rtl_eval_21G1_hello/freedom-metal/src/entry.S:39
.align 4
1:
    /* Set up a simple trap vector to catch anything that goes wrong early in
     * the boot process. */
    la t0, early_trap_vector
 8000020:	00000297          	auipc	t0,0x0
 8000024:	11c28293          	addi	t0,t0,284 # 800013c <early_trap_vector>
/root/wsFreedomStudio/sifive_e24_rtl_eval_21G1_hello/freedom-metal/src/entry.S:40
    csrw mtvec, t0
 8000028:	30529073          	csrw	mtvec,t0
/root/wsFreedomStudio/sifive_e24_rtl_eval_21G1_hello/freedom-metal/src/entry.S:48
     * C, so here we set up a C environment. First we set up a stack pointer,
     * which is left as a weak reference in order to allow initialization
     * routines that do not need a stack to be set up to transparently be
     * called. */
    .weak __metal_stack_pointer
    la sp, __metal_stack_pointer
 800002c:	f8000117          	auipc	sp,0xf8000
 8000030:	fd410113          	addi	sp,sp,-44 # 0 <__metal_boot_hart>
/root/wsFreedomStudio/sifive_e24_rtl_eval_21G1_hello/freedom-metal/src/entry.S:55
   /* The METAL is designed for a bare-metal environment and therefore is expected
    * to define its own stack pointer. We also align the stack pointer here
    * because the only RISC-V ABI that's currently defined, mandates 16-byte
    * stack alignment. */

    bne sp, zero, 1f
 8000034:	00011463          	bnez	sp,800003c <_enter+0x3c>
/root/wsFreedomStudio/sifive_e24_rtl_eval_21G1_hello/freedom-metal/src/entry.S:56
    la sp, _sp
 8000038:	cb018113          	addi	sp,gp,-848 # 8000ca0 <_sp>
/root/wsFreedomStudio/sifive_e24_rtl_eval_21G1_hello/freedom-metal/src/entry.S:59
1:
    /* Increment by hartid number of stack sizes */
    csrr a0, mhartid
 800003c:	f1402573          	csrr	a0,mhartid
/root/wsFreedomStudio/sifive_e24_rtl_eval_21G1_hello/freedom-metal/src/entry.S:60
    li t0, 0
 8000040:	4281                	li	t0,0
/root/wsFreedomStudio/sifive_e24_rtl_eval_21G1_hello/freedom-metal/src/entry.S:61
    la t1, __stack_size
 8000042:	40000313          	li	t1,1024
/root/wsFreedomStudio/sifive_e24_rtl_eval_21G1_hello/freedom-metal/src/entry.S:63
1:
    andi sp, sp, -16
 8000046:	ff017113          	andi	sp,sp,-16
/root/wsFreedomStudio/sifive_e24_rtl_eval_21G1_hello/freedom-metal/src/entry.S:64
    beq t0, a0, 1f
 800004a:	00a28563          	beq	t0,a0,8000054 <_enter+0x54>
/root/wsFreedomStudio/sifive_e24_rtl_eval_21G1_hello/freedom-metal/src/entry.S:65
    add sp, sp, t1
 800004e:	911a                	add	sp,sp,t1
/root/wsFreedomStudio/sifive_e24_rtl_eval_21G1_hello/freedom-metal/src/entry.S:66
    addi t0, t0, 1
 8000050:	0285                	addi	t0,t0,1
/root/wsFreedomStudio/sifive_e24_rtl_eval_21G1_hello/freedom-metal/src/entry.S:67
    j 1b
 8000052:	bfd5                	j	8000046 <_enter+0x46>
/root/wsFreedomStudio/sifive_e24_rtl_eval_21G1_hello/freedom-metal/src/entry.S:76
     * just skip over the call entirely.   Note that __metal_initialize isn't
     * actually a full C function, as it doesn't end up with the .bss or .data
     * segments having been initialized.  This is done to avoid putting a
     * burden on systems that can be initialized without having a C environment
     * set up. */
    la ra, __metal_before_start
 8000054:	00000097          	auipc	ra,0x0
 8000058:	08208093          	addi	ra,ra,130 # 80000d6 <__metal_before_start>
/root/wsFreedomStudio/sifive_e24_rtl_eval_21G1_hello/freedom-metal/src/entry.S:77
    beqz ra, 1f
 800005c:	00008363          	beqz	ra,8000062 <_enter+0x62>
/root/wsFreedomStudio/sifive_e24_rtl_eval_21G1_hello/freedom-metal/src/entry.S:78
    jalr ra
 8000060:	9082                	jalr	ra
/root/wsFreedomStudio/sifive_e24_rtl_eval_21G1_hello/freedom-metal/src/entry.S:84
1:

    /* At this point we can enter the C runtime's startup file.  The arguments
     * to this function are designed to match those provided to the SEE, just
     * so we don't have to write another ABI. */
    csrr a0, mhartid
 8000062:	f1402573          	csrr	a0,mhartid
/root/wsFreedomStudio/sifive_e24_rtl_eval_21G1_hello/freedom-metal/src/entry.S:85
    li a1, 0
 8000066:	4581                	li	a1,0
/root/wsFreedomStudio/sifive_e24_rtl_eval_21G1_hello/freedom-metal/src/entry.S:86
    li a2, 0
 8000068:	4601                	li	a2,0
/root/wsFreedomStudio/sifive_e24_rtl_eval_21G1_hello/freedom-metal/src/entry.S:87
    call _start
 800006a:	20cd                	jal	800014c <_start>
/root/wsFreedomStudio/sifive_e24_rtl_eval_21G1_hello/freedom-metal/src/entry.S:92

    /* If we've made it back here then there's probably something wrong.  We
     * allow the METAL to register a handler here. */
    .weak __metal_after_main
    la ra, __metal_after_main
 800006c:	f8000097          	auipc	ra,0xf8000
 8000070:	f9408093          	addi	ra,ra,-108 # 0 <__metal_boot_hart>
/root/wsFreedomStudio/sifive_e24_rtl_eval_21G1_hello/freedom-metal/src/entry.S:93
    beqz ra, 1f
 8000074:	00008363          	beqz	ra,800007a <_enter+0x7a>
/root/wsFreedomStudio/sifive_e24_rtl_eval_21G1_hello/freedom-metal/src/entry.S:94
    jalr ra
 8000078:	9082                	jalr	ra
/root/wsFreedomStudio/sifive_e24_rtl_eval_21G1_hello/freedom-metal/src/entry.S:99
1:

    /* If that handler returns then there's not a whole lot we can do.  Just
     * try to make some noise. */
     la t0, 1f
 800007a:	00000297          	auipc	t0,0x0
 800007e:	00c28293          	addi	t0,t0,12 # 8000086 <_enter+0x86>
/root/wsFreedomStudio/sifive_e24_rtl_eval_21G1_hello/freedom-metal/src/entry.S:100
     csrw mtvec, t0
 8000082:	30529073          	csrw	mtvec,t0
/root/wsFreedomStudio/sifive_e24_rtl_eval_21G1_hello/freedom-metal/src/entry.S:102
1:
     lw t1, 0(x0)
 8000086:	00002303          	lw	t1,0(zero) # 0 <__metal_boot_hart>
/root/wsFreedomStudio/sifive_e24_rtl_eval_21G1_hello/freedom-metal/src/entry.S:103
     j 1b
 800008a:	bff5                	j	8000086 <_enter+0x86>
 800008c:	0000                	unimp
	...

08000090 <__register_frame_info>:
__register_frame_info():
/root/wsFreedomStudio/sifive_e24_rtl_eval_21G1_hello/freedom-metal/src/entry.S:117
.weak __register_frame_info
.global __register_frame_info
.section .text.metal.init.__register_frame_info
__register_frame_info:
    .cfi_startproc
    ret
 8000090:	8082                	ret

08000092 <metal_mem_scrub>:
metal_mem_scrub():
/root/wsFreedomStudio/sifive_e24_rtl_eval_21G1_hello/freedom-metal/src/scrub.S:24
.type metal_mem_scrub, @function
metal_mem_scrub:

    /* Disable machine interrupts,
    restore previous mstatus value at exit */
    li      a3, 8
 8000092:	46a1                	li	a3,8
/root/wsFreedomStudio/sifive_e24_rtl_eval_21G1_hello/freedom-metal/src/scrub.S:25
    csrrc   t1, mstatus, a3
 8000094:	3006b373          	csrrc	t1,mstatus,a3
/root/wsFreedomStudio/sifive_e24_rtl_eval_21G1_hello/freedom-metal/src/scrub.S:28

#if __riscv_xlen == 32
    addi    t0, x0, 4
 8000098:	00400293          	li	t0,4
/root/wsFreedomStudio/sifive_e24_rtl_eval_21G1_hello/freedom-metal/src/scrub.S:30
1:
    blt     a1, t0, 2f
 800009c:	0055c563          	blt	a1,t0,80000a6 <metal_mem_scrub+0x14>
/root/wsFreedomStudio/sifive_e24_rtl_eval_21G1_hello/freedom-metal/src/scrub.S:31
    andi    a2, a0, 3
 80000a0:	00357613          	andi	a2,a0,3
/root/wsFreedomStudio/sifive_e24_rtl_eval_21G1_hello/freedom-metal/src/scrub.S:32
    beqz    a2, 3f
 80000a4:	ca11                	beqz	a2,80000b8 <metal_mem_scrub+0x26>
/root/wsFreedomStudio/sifive_e24_rtl_eval_21G1_hello/freedom-metal/src/scrub.S:34
2:
    sb      x0, 0(a0)
 80000a6:	00050023          	sb	zero,0(a0)
/root/wsFreedomStudio/sifive_e24_rtl_eval_21G1_hello/freedom-metal/src/scrub.S:35
    addi    a0, a0, 1
 80000aa:	0505                	addi	a0,a0,1
/root/wsFreedomStudio/sifive_e24_rtl_eval_21G1_hello/freedom-metal/src/scrub.S:36
    addi    a1, a1, -1
 80000ac:	15fd                	addi	a1,a1,-1
/root/wsFreedomStudio/sifive_e24_rtl_eval_21G1_hello/freedom-metal/src/scrub.S:37
    bgtz    a1, 1b
 80000ae:	feb047e3          	bgtz	a1,800009c <metal_mem_scrub+0xa>
/root/wsFreedomStudio/sifive_e24_rtl_eval_21G1_hello/freedom-metal/src/scrub.S:38
    csrw    mstatus, t1
 80000b2:	30031073          	csrw	mstatus,t1
/root/wsFreedomStudio/sifive_e24_rtl_eval_21G1_hello/freedom-metal/src/scrub.S:39
    ret
 80000b6:	8082                	ret
/root/wsFreedomStudio/sifive_e24_rtl_eval_21G1_hello/freedom-metal/src/scrub.S:41
3:
    sw      x0, 0(a0)
 80000b8:	00052023          	sw	zero,0(a0)
/root/wsFreedomStudio/sifive_e24_rtl_eval_21G1_hello/freedom-metal/src/scrub.S:42
    addi    a0, a0, 4
 80000bc:	0511                	addi	a0,a0,4
/root/wsFreedomStudio/sifive_e24_rtl_eval_21G1_hello/freedom-metal/src/scrub.S:43
    addi    a1, a1, -4
 80000be:	15f1                	addi	a1,a1,-4
/root/wsFreedomStudio/sifive_e24_rtl_eval_21G1_hello/freedom-metal/src/scrub.S:44
    bgtz    a1, 1b
 80000c0:	fcb04ee3          	bgtz	a1,800009c <metal_mem_scrub+0xa>
/root/wsFreedomStudio/sifive_e24_rtl_eval_21G1_hello/freedom-metal/src/scrub.S:45
    csrw    mstatus, t1
 80000c4:	30031073          	csrw	mstatus,t1
/root/wsFreedomStudio/sifive_e24_rtl_eval_21G1_hello/freedom-metal/src/scrub.S:46
    ret
 80000c8:	8082                	ret

080000ca <__metal_memory_scrub>:
__metal_memory_scrub():
/root/wsFreedomStudio/sifive_e24_rtl_eval_21G1_hello/freedom-metal/src/scrub.S:74
.type __metal_memory_scrub, @function
__metal_memory_scrub:
/* Zero out specified memory regions */
1:
#if __riscv_xlen == 32
    sw      x0, 0(t1)
 80000ca:	00032023          	sw	zero,0(t1)
/root/wsFreedomStudio/sifive_e24_rtl_eval_21G1_hello/freedom-metal/src/scrub.S:75
    addi    t1, t1, 4
 80000ce:	0311                	addi	t1,t1,4
/root/wsFreedomStudio/sifive_e24_rtl_eval_21G1_hello/freedom-metal/src/scrub.S:76
    blt     t1, t2, 1b
 80000d0:	fe734de3          	blt	t1,t2,80000ca <__metal_memory_scrub>
/root/wsFreedomStudio/sifive_e24_rtl_eval_21G1_hello/freedom-metal/src/scrub.S:82
#else
    sd      x0, 0(t1)
    addi    t1, t1, 8
    blt     t1, t2, 1b
#endif
    ret
 80000d4:	8082                	ret

080000d6 <__metal_before_start>:
__metal_before_start():
/root/wsFreedomStudio/sifive_e24_rtl_eval_21G1_hello/freedom-metal/src/scrub.S:94
.weak __metal_before_start
.global __metal_before_start
.type __metal_before_start, @function
__metal_before_start:
    /* Save caller ra */
    mv      s0, ra
 80000d6:	8406                	mv	s0,ra
/root/wsFreedomStudio/sifive_e24_rtl_eval_21G1_hello/freedom-metal/src/scrub.S:96

    la      t0, __metal_eccscrub_bit
 80000d8:	f8000297          	auipc	t0,0xf8000
 80000dc:	f2828293          	addi	t0,t0,-216 # 0 <__metal_boot_hart>
/root/wsFreedomStudio/sifive_e24_rtl_eval_21G1_hello/freedom-metal/src/scrub.S:97
    beqz    t0, skip_scrub
 80000e0:	04028c63          	beqz	t0,8000138 <skip_scrub>
/root/wsFreedomStudio/sifive_e24_rtl_eval_21G1_hello/freedom-metal/src/scrub.S:99

    la      t0, __metal_boot_hart
 80000e4:	f8000297          	auipc	t0,0xf8000
 80000e8:	f1c28293          	addi	t0,t0,-228 # 0 <__metal_boot_hart>
/root/wsFreedomStudio/sifive_e24_rtl_eval_21G1_hello/freedom-metal/src/scrub.S:100
    csrr    a5, mhartid
 80000ec:	f14027f3          	csrr	a5,mhartid
/root/wsFreedomStudio/sifive_e24_rtl_eval_21G1_hello/freedom-metal/src/scrub.S:103

    /* Disable machine interrupts to be safe */
    li      a3, 8
 80000f0:	46a1                	li	a3,8
/root/wsFreedomStudio/sifive_e24_rtl_eval_21G1_hello/freedom-metal/src/scrub.S:104
    csrc    mstatus, a3
 80000f2:	3006b073          	csrc	mstatus,a3
/root/wsFreedomStudio/sifive_e24_rtl_eval_21G1_hello/freedom-metal/src/scrub.S:107

    /* Zero out per hart stack */
    mv      t1, sp
 80000f6:	830a                	mv	t1,sp
/root/wsFreedomStudio/sifive_e24_rtl_eval_21G1_hello/freedom-metal/src/scrub.S:108
    la      t2, __stack_size
 80000f8:	f8000397          	auipc	t2,0xf8000
 80000fc:	30838393          	addi	t2,t2,776 # 400 <__stack_size>
/root/wsFreedomStudio/sifive_e24_rtl_eval_21G1_hello/freedom-metal/src/scrub.S:109
    add     t2, t2, sp
 8000100:	938a                	add	t2,t2,sp
/root/wsFreedomStudio/sifive_e24_rtl_eval_21G1_hello/freedom-metal/src/scrub.S:110
    beq     t1, t2, 1f
 8000102:	00730363          	beq	t1,t2,8000108 <__metal_before_start+0x32>
/root/wsFreedomStudio/sifive_e24_rtl_eval_21G1_hello/freedom-metal/src/scrub.S:111
    jal     __metal_memory_scrub
 8000106:	37d1                	jal	80000ca <__metal_memory_scrub>
/root/wsFreedomStudio/sifive_e24_rtl_eval_21G1_hello/freedom-metal/src/scrub.S:113
1:
    bne     a5, t0, skip_scrub
 8000108:	02579863          	bne	a5,t0,8000138 <skip_scrub>
/root/wsFreedomStudio/sifive_e24_rtl_eval_21G1_hello/freedom-metal/src/scrub.S:116

    /* Zero out data segment */
    la      t1, metal_segment_data_target_start
 800010c:	00000317          	auipc	t1,0x0
 8000110:	68430313          	addi	t1,t1,1668 # 8000790 <metal_segment_data_source_start>
/root/wsFreedomStudio/sifive_e24_rtl_eval_21G1_hello/freedom-metal/src/scrub.S:117
    la      t2, metal_segment_data_target_end
 8000114:	00000397          	auipc	t2,0x0
 8000118:	6ec38393          	addi	t2,t2,1772 # 8000800 <__tls_base>
/root/wsFreedomStudio/sifive_e24_rtl_eval_21G1_hello/freedom-metal/src/scrub.S:118
    beq     t1, t2, 1f
 800011c:	00730363          	beq	t1,t2,8000122 <__metal_before_start+0x4c>
/root/wsFreedomStudio/sifive_e24_rtl_eval_21G1_hello/freedom-metal/src/scrub.S:119
    jal     __metal_memory_scrub
 8000120:	376d                	jal	80000ca <__metal_memory_scrub>
/root/wsFreedomStudio/sifive_e24_rtl_eval_21G1_hello/freedom-metal/src/scrub.S:122
1:
    /* Zero out itim memory */
    la      t1, metal_segment_itim_target_start
 8000122:	78008317          	auipc	t1,0x78008
 8000126:	ede30313          	addi	t1,t1,-290 # 80008000 <metal_segment_itim_target_end>
/root/wsFreedomStudio/sifive_e24_rtl_eval_21G1_hello/freedom-metal/src/scrub.S:123
    la      t2, metal_segment_itim_target_end
 800012a:	78008397          	auipc	t2,0x78008
 800012e:	ed638393          	addi	t2,t2,-298 # 80008000 <metal_segment_itim_target_end>
/root/wsFreedomStudio/sifive_e24_rtl_eval_21G1_hello/freedom-metal/src/scrub.S:124
    beq     t1, t2, skip_scrub
 8000132:	00730363          	beq	t1,t2,8000138 <skip_scrub>
/root/wsFreedomStudio/sifive_e24_rtl_eval_21G1_hello/freedom-metal/src/scrub.S:125
    jal     __metal_memory_scrub
 8000136:	3f51                	jal	80000ca <__metal_memory_scrub>

08000138 <skip_scrub>:
skip_scrub():
/root/wsFreedomStudio/sifive_e24_rtl_eval_21G1_hello/freedom-metal/src/scrub.S:129

skip_scrub:
    /* Restore caller ra */
    mv      ra, s0
 8000138:	80a2                	mv	ra,s0
/root/wsFreedomStudio/sifive_e24_rtl_eval_21G1_hello/freedom-metal/src/scrub.S:130
    ret
 800013a:	8082                	ret

0800013c <early_trap_vector>:
early_trap_vector():
/root/wsFreedomStudio/sifive_e24_rtl_eval_21G1_hello/freedom-metal/src/trap.S:64
.section .text.metal.init.trapvec
.global early_trap_vector
.align 2
early_trap_vector:
    .cfi_startproc
    csrr t0, mcause
 800013c:	342022f3          	csrr	t0,mcause
/root/wsFreedomStudio/sifive_e24_rtl_eval_21G1_hello/freedom-metal/src/trap.S:65
    csrr t1, mepc
 8000140:	34102373          	csrr	t1,mepc
/root/wsFreedomStudio/sifive_e24_rtl_eval_21G1_hello/freedom-metal/src/trap.S:66
    csrr t2, mtval
 8000144:	343023f3          	csrr	t2,mtval
/root/wsFreedomStudio/sifive_e24_rtl_eval_21G1_hello/freedom-metal/src/trap.S:67
    j early_trap_vector
 8000148:	bfd5                	j	800013c <early_trap_vector>

0800014a <__metal_synchronize_harts>:
__metal_synchronize_harts():
/root/wsFreedomStudio/sifive_e24_rtl_eval_21G1_hello/freedom-metal/src/synchronize_harts.c:66
        while (METAL_MSIP(msip_base, hart) == 1)
            ;
    }

#endif /* __METAL_DT_MAX_HARTS > 1 */
}
 800014a:	8082                	ret

0800014c <_start>:
_start():
/root/wsFreedomStudio/sifive_e24_rtl_eval_21G1_hello/freedom-metal/gloss/crt0.S:36
.cfi_startproc
.cfi_undefined ra

  /* This is a bit funky: it's not usually sane for _start to return, but in
   * this case we actually want to in order to signal an error to the METAL. */
  mv s0, ra
 800014c:	8406                	mv	s0,ra
/root/wsFreedomStudio/sifive_e24_rtl_eval_21G1_hello/freedom-metal/gloss/crt0.S:44
   * safely perform any access that may be relaxed without GP being set.  This
   * is done with relaxation disabled to avoid relaxing the address calculation
   * to just "addi gp, gp, 0". */
.option push
.option norelax
  la gp, __global_pointer$
 800014e:	00001197          	auipc	gp,0x1
 8000152:	ea218193          	addi	gp,gp,-350 # 8000ff0 <__global_pointer$>
/root/wsFreedomStudio/sifive_e24_rtl_eval_21G1_hello/freedom-metal/gloss/crt0.S:50
.option pop

  /* Stack pointer is expected to be initialized before _start */

  /* If we're not hart 0, skip the initialization work */
  la t0, __metal_boot_hart
 8000156:	00000293          	li	t0,0
/root/wsFreedomStudio/sifive_e24_rtl_eval_21G1_hello/freedom-metal/gloss/crt0.S:51
  bne a0, t0, _skip_init
 800015a:	0c551763          	bne	a0,t0,8000228 <_skip_init>
/root/wsFreedomStudio/sifive_e24_rtl_eval_21G1_hello/freedom-metal/gloss/crt0.S:60
   * boot and then need to get relocated into a non-persistant writable memory
   * before C code can execute.  If this is the case we do so here.  This step
   * is optional: if the METAL provides an environment in which this relocation
   * is not necessary then it must simply set metal_segment_data_source_start to
   * be equal to metal_segment_data_target_start. */
  la t0, metal_segment_data_source_start
 800015e:	00000297          	auipc	t0,0x0
 8000162:	63228293          	addi	t0,t0,1586 # 8000790 <metal_segment_data_source_start>
/root/wsFreedomStudio/sifive_e24_rtl_eval_21G1_hello/freedom-metal/gloss/crt0.S:61
  la t1, metal_segment_data_target_start
 8000166:	00000317          	auipc	t1,0x0
 800016a:	62a30313          	addi	t1,t1,1578 # 8000790 <metal_segment_data_source_start>
/root/wsFreedomStudio/sifive_e24_rtl_eval_21G1_hello/freedom-metal/gloss/crt0.S:62
  la t2, metal_segment_data_target_end
 800016e:	81018393          	addi	t2,gp,-2032 # 8000800 <__tls_base>
/root/wsFreedomStudio/sifive_e24_rtl_eval_21G1_hello/freedom-metal/gloss/crt0.S:64

  beq t0, t1, 2f
 8000172:	00628c63          	beq	t0,t1,800018a <_start+0x3e>
/root/wsFreedomStudio/sifive_e24_rtl_eval_21G1_hello/freedom-metal/gloss/crt0.S:65
  bge t1, t2, 2f
 8000176:	00735a63          	bge	t1,t2,800018a <_start+0x3e>
/root/wsFreedomStudio/sifive_e24_rtl_eval_21G1_hello/freedom-metal/gloss/crt0.S:69

1:
#if __riscv_xlen == 32
  lw   a0, 0(t0)
 800017a:	0002a503          	lw	a0,0(t0)
/root/wsFreedomStudio/sifive_e24_rtl_eval_21G1_hello/freedom-metal/gloss/crt0.S:70
  addi t0, t0, 4
 800017e:	0291                	addi	t0,t0,4
/root/wsFreedomStudio/sifive_e24_rtl_eval_21G1_hello/freedom-metal/gloss/crt0.S:71
  sw   a0, 0(t1)
 8000180:	00a32023          	sw	a0,0(t1)
/root/wsFreedomStudio/sifive_e24_rtl_eval_21G1_hello/freedom-metal/gloss/crt0.S:72
  addi t1, t1, 4
 8000184:	0311                	addi	t1,t1,4
/root/wsFreedomStudio/sifive_e24_rtl_eval_21G1_hello/freedom-metal/gloss/crt0.S:73
  blt  t1, t2, 1b
 8000186:	fe734ae3          	blt	t1,t2,800017a <_start+0x2e>
/root/wsFreedomStudio/sifive_e24_rtl_eval_21G1_hello/freedom-metal/gloss/crt0.S:84
  blt  t1, t2, 1b
#endif
2:

  /* Copy the ITIM section */
  la t0, metal_segment_itim_source_start
 800018a:	00000297          	auipc	t0,0x0
 800018e:	14e28293          	addi	t0,t0,334 # 80002d8 <metal_segment_itim_source_start>
/root/wsFreedomStudio/sifive_e24_rtl_eval_21G1_hello/freedom-metal/gloss/crt0.S:85
  la t1, metal_segment_itim_target_start
 8000192:	78008317          	auipc	t1,0x78008
 8000196:	e6e30313          	addi	t1,t1,-402 # 80008000 <metal_segment_itim_target_end>
/root/wsFreedomStudio/sifive_e24_rtl_eval_21G1_hello/freedom-metal/gloss/crt0.S:86
  la t2, metal_segment_itim_target_end
 800019a:	78008397          	auipc	t2,0x78008
 800019e:	e6638393          	addi	t2,t2,-410 # 80008000 <metal_segment_itim_target_end>
/root/wsFreedomStudio/sifive_e24_rtl_eval_21G1_hello/freedom-metal/gloss/crt0.S:88

  beq t0, t1, 2f
 80001a2:	00628c63          	beq	t0,t1,80001ba <_start+0x6e>
/root/wsFreedomStudio/sifive_e24_rtl_eval_21G1_hello/freedom-metal/gloss/crt0.S:89
  bge t1, t2, 2f
 80001a6:	00735a63          	bge	t1,t2,80001ba <_start+0x6e>
/root/wsFreedomStudio/sifive_e24_rtl_eval_21G1_hello/freedom-metal/gloss/crt0.S:93

1:
#if __riscv_xlen == 32
  lw   a0, 0(t0)
 80001aa:	0002a503          	lw	a0,0(t0)
/root/wsFreedomStudio/sifive_e24_rtl_eval_21G1_hello/freedom-metal/gloss/crt0.S:94
  addi t0, t0, 4
 80001ae:	0291                	addi	t0,t0,4
/root/wsFreedomStudio/sifive_e24_rtl_eval_21G1_hello/freedom-metal/gloss/crt0.S:95
  sw   a0, 0(t1)
 80001b0:	00a32023          	sw	a0,0(t1)
/root/wsFreedomStudio/sifive_e24_rtl_eval_21G1_hello/freedom-metal/gloss/crt0.S:96
  addi t1, t1, 4
 80001b4:	0311                	addi	t1,t1,4
/root/wsFreedomStudio/sifive_e24_rtl_eval_21G1_hello/freedom-metal/gloss/crt0.S:97
  blt  t1, t2, 1b
 80001b6:	fe734ae3          	blt	t1,t2,80001aa <_start+0x5e>
/root/wsFreedomStudio/sifive_e24_rtl_eval_21G1_hello/freedom-metal/gloss/crt0.S:109
#endif
2:

  /* Fence all subsequent instruction fetches until after the ITIM writes
     complete */
  fence.i
 80001ba:	0000100f          	fence.i
/root/wsFreedomStudio/sifive_e24_rtl_eval_21G1_hello/freedom-metal/gloss/crt0.S:114

2:

  /* Copy the LIM section */
  la t0, metal_segment_lim_source_start
 80001be:	00000297          	auipc	t0,0x0
 80001c2:	11a28293          	addi	t0,t0,282 # 80002d8 <metal_segment_itim_source_start>
/root/wsFreedomStudio/sifive_e24_rtl_eval_21G1_hello/freedom-metal/gloss/crt0.S:115
  la t1, metal_segment_lim_target_start
 80001c6:	00000317          	auipc	t1,0x0
 80001ca:	11230313          	addi	t1,t1,274 # 80002d8 <metal_segment_itim_source_start>
/root/wsFreedomStudio/sifive_e24_rtl_eval_21G1_hello/freedom-metal/gloss/crt0.S:116
  la t2, metal_segment_lim_target_end
 80001ce:	00000397          	auipc	t2,0x0
 80001d2:	10a38393          	addi	t2,t2,266 # 80002d8 <metal_segment_itim_source_start>
/root/wsFreedomStudio/sifive_e24_rtl_eval_21G1_hello/freedom-metal/gloss/crt0.S:118

  beq t0, t1, 2f
 80001d6:	00628c63          	beq	t0,t1,80001ee <_start+0xa2>
/root/wsFreedomStudio/sifive_e24_rtl_eval_21G1_hello/freedom-metal/gloss/crt0.S:119
  bge t1, t2, 2f
 80001da:	00735a63          	bge	t1,t2,80001ee <_start+0xa2>
/root/wsFreedomStudio/sifive_e24_rtl_eval_21G1_hello/freedom-metal/gloss/crt0.S:123

1:
#if __riscv_xlen == 32
  lw   a0, 0(t0)
 80001de:	0002a503          	lw	a0,0(t0)
/root/wsFreedomStudio/sifive_e24_rtl_eval_21G1_hello/freedom-metal/gloss/crt0.S:124
  addi t0, t0, 4
 80001e2:	0291                	addi	t0,t0,4
/root/wsFreedomStudio/sifive_e24_rtl_eval_21G1_hello/freedom-metal/gloss/crt0.S:125
  sw   a0, 0(t1)
 80001e4:	00a32023          	sw	a0,0(t1)
/root/wsFreedomStudio/sifive_e24_rtl_eval_21G1_hello/freedom-metal/gloss/crt0.S:126
  addi t1, t1, 4
 80001e8:	0311                	addi	t1,t1,4
/root/wsFreedomStudio/sifive_e24_rtl_eval_21G1_hello/freedom-metal/gloss/crt0.S:127
  blt  t1, t2, 1b
 80001ea:	fe734ae3          	blt	t1,t2,80001de <_start+0x92>
/root/wsFreedomStudio/sifive_e24_rtl_eval_21G1_hello/freedom-metal/gloss/crt0.S:139
#endif
2:

  /* Fence all subsequent instruction fetches until after the LIM writes
     complete */
  fence.i
 80001ee:	0000100f          	fence.i
/root/wsFreedomStudio/sifive_e24_rtl_eval_21G1_hello/freedom-metal/gloss/crt0.S:142

  /* Zero the BSS segment. */
  la t1, metal_segment_bss_target_start
 80001f2:	81018313          	addi	t1,gp,-2032 # 8000800 <__tls_base>
/root/wsFreedomStudio/sifive_e24_rtl_eval_21G1_hello/freedom-metal/gloss/crt0.S:143
  la t2, metal_segment_bss_target_end
 80001f6:	8a818393          	addi	t2,gp,-1880 # 8000898 <metal_segment_bss_target_end>
/root/wsFreedomStudio/sifive_e24_rtl_eval_21G1_hello/freedom-metal/gloss/crt0.S:145

  bge t1, t2, 2f
 80001fa:	00735763          	bge	t1,t2,8000208 <_start+0xbc>
/root/wsFreedomStudio/sifive_e24_rtl_eval_21G1_hello/freedom-metal/gloss/crt0.S:149

1:
#if __riscv_xlen == 32
  sw   x0, 0(t1)
 80001fe:	00032023          	sw	zero,0(t1)
/root/wsFreedomStudio/sifive_e24_rtl_eval_21G1_hello/freedom-metal/gloss/crt0.S:150
  addi t1, t1, 4
 8000202:	0311                	addi	t1,t1,4
/root/wsFreedomStudio/sifive_e24_rtl_eval_21G1_hello/freedom-metal/gloss/crt0.S:151
  blt  t1, t2, 1b
 8000204:	fe734de3          	blt	t1,t2,80001fe <_start+0xb2>
/root/wsFreedomStudio/sifive_e24_rtl_eval_21G1_hello/freedom-metal/gloss/crt0.S:161
#endif
2:

  /* Set TLS pointer */
  .weak __tls_base	
  la tp, __tls_base
 8000208:	81018213          	addi	tp,gp,-2032 # 8000800 <__tls_base>
/root/wsFreedomStudio/sifive_e24_rtl_eval_21G1_hello/freedom-metal/gloss/crt0.S:166

  /* At this point we're in an environment that can execute C code.  The first
   * thing to do is to make the callback to the parent environment if it's been
   * requested to do so. */
  beqz a2, 1f
 800020c:	c211                	beqz	a2,8000210 <_start+0xc4>
/root/wsFreedomStudio/sifive_e24_rtl_eval_21G1_hello/freedom-metal/gloss/crt0.S:167
  jalr a2
 800020e:	9602                	jalr	a2
/root/wsFreedomStudio/sifive_e24_rtl_eval_21G1_hello/freedom-metal/gloss/crt0.S:171
1:

  /* The RISC-V port only uses new-style constructors and destructors. */
  la a0, __libc_fini_array
 8000210:	00000517          	auipc	a0,0x0
 8000214:	2c050513          	addi	a0,a0,704 # 80004d0 <__libc_fini_array>
/root/wsFreedomStudio/sifive_e24_rtl_eval_21G1_hello/freedom-metal/gloss/crt0.S:172
  call atexit
 8000218:	2451                	jal	800049c <atexit>
/root/wsFreedomStudio/sifive_e24_rtl_eval_21G1_hello/freedom-metal/gloss/crt0.S:173
  call __libc_init_array
 800021a:	24fd                	jal	8000508 <__libc_init_array>
/root/wsFreedomStudio/sifive_e24_rtl_eval_21G1_hello/freedom-metal/gloss/crt0.S:177

  /* Register metal_fini_run as a destructor and call metal_init_run to
   * run and setup Metal constructors */
  la a0, metal_fini_run
 800021c:	00000517          	auipc	a0,0x0
 8000220:	52850513          	addi	a0,a0,1320 # 8000744 <metal_fini_run>
/root/wsFreedomStudio/sifive_e24_rtl_eval_21G1_hello/freedom-metal/gloss/crt0.S:178
  call atexit
 8000224:	2ca5                	jal	800049c <atexit>
/root/wsFreedomStudio/sifive_e24_rtl_eval_21G1_hello/freedom-metal/gloss/crt0.S:179
  call metal_init_run
 8000226:	2b31                	jal	8000742 <metal_init_run>

08000228 <_skip_init>:
_skip_init():
/root/wsFreedomStudio/sifive_e24_rtl_eval_21G1_hello/freedom-metal/gloss/crt0.S:185

_skip_init:

  /* Synchronize harts so that secondary harts wait until hart 0 finishes
     initializing */
  call __metal_synchronize_harts
 8000228:	370d                	jal	800014a <__metal_synchronize_harts>
/root/wsFreedomStudio/sifive_e24_rtl_eval_21G1_hello/freedom-metal/gloss/crt0.S:188

  /* Disable and clear all interrupt sources */
  li   a3, -1
 800022a:	56fd                	li	a3,-1
/root/wsFreedomStudio/sifive_e24_rtl_eval_21G1_hello/freedom-metal/gloss/crt0.S:189
  csrc mie, a3
 800022c:	3046b073          	csrc	mie,a3
/root/wsFreedomStudio/sifive_e24_rtl_eval_21G1_hello/freedom-metal/gloss/crt0.S:190
  csrc mip, a3
 8000230:	3446b073          	csrc	mip,a3
/root/wsFreedomStudio/sifive_e24_rtl_eval_21G1_hello/freedom-metal/gloss/crt0.S:194

  /* The delegation CSRs exist if user mode interrupts (N extension) or
   * supervisor mode (S extension) are supported */
  csrr a5, misa
 8000234:	301027f3          	csrr	a5,misa
/root/wsFreedomStudio/sifive_e24_rtl_eval_21G1_hello/freedom-metal/gloss/crt0.S:195
  lui  a4, 0x42
 8000238:	00042737          	lui	a4,0x42
/root/wsFreedomStudio/sifive_e24_rtl_eval_21G1_hello/freedom-metal/gloss/crt0.S:196
  and  a4, a4, a5
 800023c:	8f7d                	and	a4,a4,a5
/root/wsFreedomStudio/sifive_e24_rtl_eval_21G1_hello/freedom-metal/gloss/crt0.S:197
  beqz a4, 1f
 800023e:	c709                	beqz	a4,8000248 <_skip_init+0x20>
/root/wsFreedomStudio/sifive_e24_rtl_eval_21G1_hello/freedom-metal/gloss/crt0.S:198
  csrc mideleg, a3
 8000240:	3036b073          	csrc	mideleg,a3
/root/wsFreedomStudio/sifive_e24_rtl_eval_21G1_hello/freedom-metal/gloss/crt0.S:199
  csrc medeleg, a3
 8000244:	3026b073          	csrc	medeleg,a3
/root/wsFreedomStudio/sifive_e24_rtl_eval_21G1_hello/freedom-metal/gloss/crt0.S:203
1:

  /* The satp CSR exists if supervisor mode (S extension) is supported */
  lui  a4, 0x40
 8000248:	00040737          	lui	a4,0x40
/root/wsFreedomStudio/sifive_e24_rtl_eval_21G1_hello/freedom-metal/gloss/crt0.S:204
  and  a4, a4, a5
 800024c:	8f7d                	and	a4,a4,a5
/root/wsFreedomStudio/sifive_e24_rtl_eval_21G1_hello/freedom-metal/gloss/crt0.S:205
  beqz a4, 1f
 800024e:	c319                	beqz	a4,8000254 <_skip_init+0x2c>
/root/wsFreedomStudio/sifive_e24_rtl_eval_21G1_hello/freedom-metal/gloss/crt0.S:206
  csrc satp, a3
 8000250:	1806b073          	csrc	satp,a3
/root/wsFreedomStudio/sifive_e24_rtl_eval_21G1_hello/freedom-metal/gloss/crt0.S:210
1:

  /* Check RISC-V isa and enable FS bits if Floating Point architecture. */
  li   a4, 0x10028
 8000254:	00010737          	lui	a4,0x10
 8000258:	02870713          	addi	a4,a4,40 # 10028 <__heap_size+0xf828>
/root/wsFreedomStudio/sifive_e24_rtl_eval_21G1_hello/freedom-metal/gloss/crt0.S:211
  and  a5, a5, a4
 800025c:	8ff9                	and	a5,a5,a4
/root/wsFreedomStudio/sifive_e24_rtl_eval_21G1_hello/freedom-metal/gloss/crt0.S:212
  beqz a5, 1f
 800025e:	cb89                	beqz	a5,8000270 <_skip_init+0x48>
/root/wsFreedomStudio/sifive_e24_rtl_eval_21G1_hello/freedom-metal/gloss/crt0.S:213
  csrr a5, mstatus
 8000260:	300027f3          	csrr	a5,mstatus
/root/wsFreedomStudio/sifive_e24_rtl_eval_21G1_hello/freedom-metal/gloss/crt0.S:214
  lui  a4, 0x2
 8000264:	6709                	lui	a4,0x2
/root/wsFreedomStudio/sifive_e24_rtl_eval_21G1_hello/freedom-metal/gloss/crt0.S:215
  or   a5, a5, a4
 8000266:	8fd9                	or	a5,a5,a4
/root/wsFreedomStudio/sifive_e24_rtl_eval_21G1_hello/freedom-metal/gloss/crt0.S:216
  csrw mstatus, a5
 8000268:	30079073          	csrw	mstatus,a5
/root/wsFreedomStudio/sifive_e24_rtl_eval_21G1_hello/freedom-metal/gloss/crt0.S:217
  csrwi fcsr, 0
 800026c:	00305073          	csrwi	fcsr,0
/root/wsFreedomStudio/sifive_e24_rtl_eval_21G1_hello/freedom-metal/gloss/crt0.S:221
1:

  /* Check for vector extension support and enable it if found */
  csrr a5, misa
 8000270:	301027f3          	csrr	a5,misa
/root/wsFreedomStudio/sifive_e24_rtl_eval_21G1_hello/freedom-metal/gloss/crt0.S:222
  li a4, 0x200000
 8000274:	00200737          	lui	a4,0x200
/root/wsFreedomStudio/sifive_e24_rtl_eval_21G1_hello/freedom-metal/gloss/crt0.S:223
  and a5, a5, a4
 8000278:	8ff9                	and	a5,a5,a4
/root/wsFreedomStudio/sifive_e24_rtl_eval_21G1_hello/freedom-metal/gloss/crt0.S:224
  beqz a5, 1f
 800027a:	c799                	beqz	a5,8000288 <_skip_init+0x60>
/root/wsFreedomStudio/sifive_e24_rtl_eval_21G1_hello/freedom-metal/gloss/crt0.S:225
  csrr a5, mstatus
 800027c:	300027f3          	csrr	a5,mstatus
/root/wsFreedomStudio/sifive_e24_rtl_eval_21G1_hello/freedom-metal/gloss/crt0.S:226
  ori a5, a5, 0x200
 8000280:	2007e793          	ori	a5,a5,512
/root/wsFreedomStudio/sifive_e24_rtl_eval_21G1_hello/freedom-metal/gloss/crt0.S:227
  csrw mstatus, a5
 8000284:	30079073          	csrw	mstatus,a5
/root/wsFreedomStudio/sifive_e24_rtl_eval_21G1_hello/freedom-metal/gloss/crt0.S:233
1:

  /* This is a C runtime, so main() is defined to have some arguments.  Since
   * there's nothing sane the METAL can pass we don't bother with that but
   * instead just setup as close to a NOP as we can. */
  li a0, 1     /* argc=1 */
 8000288:	4505                	li	a0,1
/root/wsFreedomStudio/sifive_e24_rtl_eval_21G1_hello/freedom-metal/gloss/crt0.S:234
  la a1, argv  /* argv = {"libgloss", NULL} */
 800028a:	00000597          	auipc	a1,0x0
 800028e:	03858593          	addi	a1,a1,56 # 80002c2 <argv>
/root/wsFreedomStudio/sifive_e24_rtl_eval_21G1_hello/freedom-metal/gloss/crt0.S:235
  la a2, envp  /* envp = {NULL} */
 8000292:	00000617          	auipc	a2,0x0
 8000296:	03460613          	addi	a2,a2,52 # 80002c6 <envp>
/root/wsFreedomStudio/sifive_e24_rtl_eval_21G1_hello/freedom-metal/gloss/crt0.S:236
  call secondary_main
 800029a:	2029                	jal	80002a4 <secondary_main>
/root/wsFreedomStudio/sifive_e24_rtl_eval_21G1_hello/freedom-metal/gloss/crt0.S:242

  /* Call exit to handle libc's cleanup routines.  Under normal contains this
   * shouldn't even get called, but I'm still not using a tail call here
   * because returning to the METAL is the right thing to do in pathological
   * situations. */
  call exit
 800029c:	2429                	jal	80004a6 <exit>
/root/wsFreedomStudio/sifive_e24_rtl_eval_21G1_hello/freedom-metal/gloss/crt0.S:247

  /* And here's where we return.  Again, it's a bit odd but the METAL defines
   * this as a bad idea (ie, as opposed to leaving it undefined) and at this
   * point it's really the only thing left to do. */
  mv ra, s0
 800029e:	80a2                	mv	ra,s0
/root/wsFreedomStudio/sifive_e24_rtl_eval_21G1_hello/freedom-metal/gloss/crt0.S:248
  ret
 80002a0:	8082                	ret

080002a2 <_fini>:
_init():
/root/wsFreedomStudio/sifive_e24_rtl_eval_21G1_hello/freedom-metal/gloss/crt0.S:260
.type   _init, @function
.global _fini
.type   _fini, @function
_init:
_fini:
  ret
 80002a2:	8082                	ret

080002a4 <secondary_main>:
secondary_main():
/root/wsFreedomStudio/sifive_e24_rtl_eval_21G1_hello/freedom-metal/gloss/crt0.S:271
.weak   secondary_main
.global secondary_main
.type   secondary_main, @function

secondary_main:
  addi sp, sp, -16
 80002a4:	1141                	addi	sp,sp,-16
/root/wsFreedomStudio/sifive_e24_rtl_eval_21G1_hello/freedom-metal/gloss/crt0.S:273
#if __riscv_xlen == 32
  sw ra, 4(sp)
 80002a6:	c206                	sw	ra,4(sp)
/root/wsFreedomStudio/sifive_e24_rtl_eval_21G1_hello/freedom-metal/gloss/crt0.S:277
#else
  sd ra, 8(sp)
#endif
  csrr t0, mhartid
 80002a8:	f14022f3          	csrr	t0,mhartid
/root/wsFreedomStudio/sifive_e24_rtl_eval_21G1_hello/freedom-metal/gloss/crt0.S:278
  la t1, __metal_boot_hart
 80002ac:	00000313          	li	t1,0
/root/wsFreedomStudio/sifive_e24_rtl_eval_21G1_hello/freedom-metal/gloss/crt0.S:279
  beq t0, t1, 2f
 80002b0:	00628563          	beq	t0,t1,80002ba <secondary_main+0x16>
/root/wsFreedomStudio/sifive_e24_rtl_eval_21G1_hello/freedom-metal/gloss/crt0.S:281
1:
  wfi
 80002b4:	10500073          	wfi
/root/wsFreedomStudio/sifive_e24_rtl_eval_21G1_hello/freedom-metal/gloss/crt0.S:282
  j 1b
 80002b8:	bff5                	j	80002b4 <secondary_main+0x10>
/root/wsFreedomStudio/sifive_e24_rtl_eval_21G1_hello/freedom-metal/gloss/crt0.S:284
2:
  call main
 80002ba:	2839                	jal	80002d8 <metal_segment_itim_source_start>
/root/wsFreedomStudio/sifive_e24_rtl_eval_21G1_hello/freedom-metal/gloss/crt0.S:286
#if __riscv_xlen == 32
  lw ra, 4(sp)
 80002bc:	4092                	lw	ra,4(sp)
/root/wsFreedomStudio/sifive_e24_rtl_eval_21G1_hello/freedom-metal/gloss/crt0.S:290
#else
  ld ra, 8(sp)
#endif
  addi sp, sp, 16
 80002be:	0141                	addi	sp,sp,16
/root/wsFreedomStudio/sifive_e24_rtl_eval_21G1_hello/freedom-metal/gloss/crt0.S:291
  ret
 80002c0:	8082                	ret

Disassembly of section .text:

080002d8 <main>:
main():
/root/wsFreedomStudio/sifive_e24_rtl_eval_21G1_hello/src/hello.c:8
//#include "env_tests.h"
#include "ap_tests.h"
#include "cpu_tests.h"
#include "ap_hal.h"

int main() {
 80002d8:	1141                	addi	sp,sp,-16
 80002da:	c606                	sw	ra,12(sp)
/root/wsFreedomStudio/sifive_e24_rtl_eval_21G1_hello/src/hello.c:10
	/* AP initialization */
	warmup_ap();
 80002dc:	2869                	jal	8000376 <warmup_ap>
/root/wsFreedomStudio/sifive_e24_rtl_eval_21G1_hello/src/hello.c:31
	//test_accum();

	//accumulate_horizontal();

	//basic_mem_test_2();
	op_target_setup();
 80002de:	20a1                	jal	8000326 <op_target_setup>
/root/wsFreedomStudio/sifive_e24_rtl_eval_21G1_hello/src/hello.c:32
	set_value_test();
 80002e0:	2039                	jal	80002ee <set_value_test>
/root/wsFreedomStudio/sifive_e24_rtl_eval_21G1_hello/src/hello.c:34

	asm volatile ("WFI");
 80002e2:	10500073          	wfi
/root/wsFreedomStudio/sifive_e24_rtl_eval_21G1_hello/src/hello.c:37

	return 0;
}
 80002e6:	40b2                	lw	ra,12(sp)
 80002e8:	4501                	li	a0,0
 80002ea:	0141                	addi	sp,sp,16
 80002ec:	8082                	ret

080002ee <set_value_test>:
set_value_test():
/root/wsFreedomStudio/sifive_e24_rtl_eval_21G1_hello/src/env_tests.h:51

	*ap_reset_addr = 1;
	*ap_reset_addr = 0;
}

void set_value_test() {
 80002ee:	1141                	addi	sp,sp,-16
/root/wsFreedomStudio/sifive_e24_rtl_eval_21G1_hello/src/env_tests.h:52
	ap_set_value(CAM_A, LEFT, 1);
 80002f0:	4605                	li	a2,1
 80002f2:	4581                	li	a1,0
 80002f4:	4501                	li	a0,0
/root/wsFreedomStudio/sifive_e24_rtl_eval_21G1_hello/src/env_tests.h:51
void set_value_test() {
 80002f6:	c606                	sw	ra,12(sp)
/root/wsFreedomStudio/sifive_e24_rtl_eval_21G1_hello/src/env_tests.h:52
	ap_set_value(CAM_A, LEFT, 1);
 80002f8:	2ab9                	jal	8000456 <ap_set_value>
/root/wsFreedomStudio/sifive_e24_rtl_eval_21G1_hello/src/env_tests.h:53
	ap_set_value(CAM_A, RIGHT, 2);
 80002fa:	4609                	li	a2,2
 80002fc:	4585                	li	a1,1
 80002fe:	4501                	li	a0,0
 8000300:	2a99                	jal	8000456 <ap_set_value>
/root/wsFreedomStudio/sifive_e24_rtl_eval_21G1_hello/src/env_tests.h:54
	ap_set_value(CAM_B, LEFT, 3);
 8000302:	460d                	li	a2,3
 8000304:	4581                	li	a1,0
 8000306:	4505                	li	a0,1
 8000308:	22b9                	jal	8000456 <ap_set_value>
/root/wsFreedomStudio/sifive_e24_rtl_eval_21G1_hello/src/env_tests.h:55
	ap_set_value(CAM_B, RIGHT, 4);
 800030a:	4611                	li	a2,4
 800030c:	4585                	li	a1,1
 800030e:	4505                	li	a0,1
 8000310:	2299                	jal	8000456 <ap_set_value>
/root/wsFreedomStudio/sifive_e24_rtl_eval_21G1_hello/src/env_tests.h:56
	ap_set_value(CAM_C, LEFT, 5);
 8000312:	4615                	li	a2,5
 8000314:	4581                	li	a1,0
 8000316:	4509                	li	a0,2
 8000318:	2a3d                	jal	8000456 <ap_set_value>
/root/wsFreedomStudio/sifive_e24_rtl_eval_21G1_hello/src/env_tests.h:111
//  /* *AP_MODE = 0x0100007; */
//  set_mode_reg(1, 2, 0, 7);
//  *AP_CONTROL = 0x1000100;
//  waiting_for_ap_computing(3);

}
 800031a:	40b2                	lw	ra,12(sp)
/root/wsFreedomStudio/sifive_e24_rtl_eval_21G1_hello/src/env_tests.h:57
	ap_set_value(CAM_C, RIGHT, 6);
 800031c:	4619                	li	a2,6
 800031e:	4585                	li	a1,1
 8000320:	4509                	li	a0,2
/root/wsFreedomStudio/sifive_e24_rtl_eval_21G1_hello/src/env_tests.h:111
}
 8000322:	0141                	addi	sp,sp,16
/root/wsFreedomStudio/sifive_e24_rtl_eval_21G1_hello/src/env_tests.h:57
	ap_set_value(CAM_C, RIGHT, 6);
 8000324:	aa0d                	j	8000456 <ap_set_value>

08000326 <op_target_setup>:
op_target_setup():
/root/wsFreedomStudio/sifive_e24_rtl_eval_21G1_hello/src/env_tests.h:117

void op_target_setup() {
  volatile uint8_t *cam_b = (volatile uint8_t *) CAM_B_1_BASE_ADDR;
  volatile uint8_t *cam_c = (volatile uint8_t *) CAM_C_1_BASE_ADDR;

  for(int i = 0; i < AP_COL_SIZE; i++) {
 8000326:	80004737          	lui	a4,0x80004
 800032a:	4781                	li	a5,0
 800032c:	0c070893          	addi	a7,a4,192 # 800040c0 <metal_segment_itim_target_end+0xffffc0c0>
/root/wsFreedomStudio/sifive_e24_rtl_eval_21G1_hello/src/env_tests.h:118
     cam_b[i] = i % 10;
 8000330:	4829                	li	a6,10
 8000332:	14070513          	addi	a0,a4,320
/root/wsFreedomStudio/sifive_e24_rtl_eval_21G1_hello/src/env_tests.h:117
  for(int i = 0; i < AP_COL_SIZE; i++) {
 8000336:	04000613          	li	a2,64
/root/wsFreedomStudio/sifive_e24_rtl_eval_21G1_hello/src/env_tests.h:118 (discriminator 3)
     cam_b[i] = i % 10;
 800033a:	0307e6b3          	rem	a3,a5,a6
 800033e:	011785b3          	add	a1,a5,a7
 8000342:	0ff6f693          	andi	a3,a3,255
 8000346:	00d58023          	sb	a3,0(a1)
/root/wsFreedomStudio/sifive_e24_rtl_eval_21G1_hello/src/env_tests.h:119 (discriminator 3)
     cam_c[i] = i % 10;
 800034a:	00a785b3          	add	a1,a5,a0
 800034e:	00d58023          	sb	a3,0(a1)
/root/wsFreedomStudio/sifive_e24_rtl_eval_21G1_hello/src/env_tests.h:117 (discriminator 3)
  for(int i = 0; i < AP_COL_SIZE; i++) {
 8000352:	0785                	addi	a5,a5,1
 8000354:	fec793e3          	bne	a5,a2,800033a <op_target_setup+0x14>
/root/wsFreedomStudio/sifive_e24_rtl_eval_21G1_hello/src/env_tests.h:122
  }

  set_control_reg(1, 1, 0, 0);
 8000358:	010107b7          	lui	a5,0x1010
/root/wsFreedomStudio/sifive_e24_rtl_eval_21G1_hello/src/env_tests.h:123
  set_mode_reg(1, 0, 0, ADD);
 800035c:	010006b7          	lui	a3,0x1000
/root/wsFreedomStudio/sifive_e24_rtl_eval_21G1_hello/src/env_tests.h:122
  set_control_reg(1, 1, 0, 0);
 8000360:	18f72223          	sw	a5,388(a4)
/root/wsFreedomStudio/sifive_e24_rtl_eval_21G1_hello/src/env_tests.h:123
  set_mode_reg(1, 0, 0, ADD);
 8000364:	0691                	addi	a3,a3,4
 8000366:	18d72023          	sw	a3,384(a4)
/root/wsFreedomStudio/sifive_e24_rtl_eval_21G1_hello/src/env_tests.h:124
  set_control_reg(1, 1, 1, 0);
 800036a:	10078793          	addi	a5,a5,256 # 1010100 <__heap_size+0x100f900>
 800036e:	18f72223          	sw	a5,388(a4)
/root/wsFreedomStudio/sifive_e24_rtl_eval_21G1_hello/src/env_tests.h:126

  waiting_for_ap_computing(3);
 8000372:	450d                	li	a0,3
 8000374:	a84d                	j	8000426 <waiting_for_ap_computing>

08000376 <warmup_ap>:
warmup_ap():
/root/wsFreedomStudio/sifive_e24_rtl_eval_21G1_hello/src/ap_hal.c:12
}

#pragma GCC push_options
#pragma GCC optmize ("00")
void warmup_ap()
{
 8000376:	1141                	addi	sp,sp,-16
 8000378:	c622                	sw	s0,12(sp)
 800037a:	0800                	addi	s0,sp,16
/root/wsFreedomStudio/sifive_e24_rtl_eval_21G1_hello/src/ap_hal.c:13
  *AP_CONTROL = 0;
 800037c:	800047b7          	lui	a5,0x80004
 8000380:	18478793          	addi	a5,a5,388 # 80004184 <metal_segment_itim_target_end+0xffffc184>
 8000384:	0007a023          	sw	zero,0(a5)
/root/wsFreedomStudio/sifive_e24_rtl_eval_21G1_hello/src/ap_hal.c:14
  *AP_MODE = 0;
 8000388:	800047b7          	lui	a5,0x80004
 800038c:	18078793          	addi	a5,a5,384 # 80004180 <metal_segment_itim_target_end+0xffffc180>
 8000390:	0007a023          	sw	zero,0(a5)
/root/wsFreedomStudio/sifive_e24_rtl_eval_21G1_hello/src/ap_hal.c:17

  // Lock ap_if_state
  *AP_CONTROL = 0x1000000;
 8000394:	800047b7          	lui	a5,0x80004
 8000398:	18478793          	addi	a5,a5,388 # 80004184 <metal_segment_itim_target_end+0xffffc184>
 800039c:	01000737          	lui	a4,0x1000
 80003a0:	c398                	sw	a4,0(a5)
/root/wsFreedomStudio/sifive_e24_rtl_eval_21G1_hello/src/ap_hal.c:20

  // Reset three CAMs in parallel
  *AP_CONTROL = 0x1000007;
 80003a2:	800047b7          	lui	a5,0x80004
 80003a6:	18478793          	addi	a5,a5,388 # 80004184 <metal_segment_itim_target_end+0xffffc184>
 80003aa:	01000737          	lui	a4,0x1000
 80003ae:	071d                	addi	a4,a4,7
 80003b0:	c398                	sw	a4,0(a5)
/root/wsFreedomStudio/sifive_e24_rtl_eval_21G1_hello/src/ap_hal.c:21
  *AP_CONTROL = 0x1000000;
 80003b2:	800047b7          	lui	a5,0x80004
 80003b6:	18478793          	addi	a5,a5,388 # 80004184 <metal_segment_itim_target_end+0xffffc184>
 80003ba:	01000737          	lui	a4,0x1000
 80003be:	c398                	sw	a4,0(a5)
/root/wsFreedomStudio/sifive_e24_rtl_eval_21G1_hello/src/ap_hal.c:24

  // Select the other internal col
  *AP_MODE = 0x1000000;
 80003c0:	800047b7          	lui	a5,0x80004
 80003c4:	18078793          	addi	a5,a5,384 # 80004180 <metal_segment_itim_target_end+0xffffc180>
 80003c8:	01000737          	lui	a4,0x1000
 80003cc:	c398                	sw	a4,0(a5)
/root/wsFreedomStudio/sifive_e24_rtl_eval_21G1_hello/src/ap_hal.c:27

  // Reset three CAMs in parallel
  *AP_CONTROL = 0x1000007;
 80003ce:	800047b7          	lui	a5,0x80004
 80003d2:	18478793          	addi	a5,a5,388 # 80004184 <metal_segment_itim_target_end+0xffffc184>
 80003d6:	01000737          	lui	a4,0x1000
 80003da:	071d                	addi	a4,a4,7
 80003dc:	c398                	sw	a4,0(a5)
/root/wsFreedomStudio/sifive_e24_rtl_eval_21G1_hello/src/ap_hal.c:28
  *AP_CONTROL = 0x1000000;
 80003de:	800047b7          	lui	a5,0x80004
 80003e2:	18478793          	addi	a5,a5,388 # 80004184 <metal_segment_itim_target_end+0xffffc184>
 80003e6:	01000737          	lui	a4,0x1000
 80003ea:	c398                	sw	a4,0(a5)
/root/wsFreedomStudio/sifive_e24_rtl_eval_21G1_hello/src/ap_hal.c:31

  // Release ap_if_state
  *AP_CONTROL = 0x0;
 80003ec:	800047b7          	lui	a5,0x80004
 80003f0:	18478793          	addi	a5,a5,388 # 80004184 <metal_segment_itim_target_end+0xffffc184>
 80003f4:	0007a023          	sw	zero,0(a5)
/root/wsFreedomStudio/sifive_e24_rtl_eval_21G1_hello/src/ap_hal.c:32
  *AP_MODE = 0x0;
 80003f8:	800047b7          	lui	a5,0x80004
 80003fc:	18078793          	addi	a5,a5,384 # 80004180 <metal_segment_itim_target_end+0xffffc180>
 8000400:	0007a023          	sw	zero,0(a5)
/root/wsFreedomStudio/sifive_e24_rtl_eval_21G1_hello/src/ap_hal.c:33
}
 8000404:	0001                	nop
 8000406:	4432                	lw	s0,12(sp)
 8000408:	0141                	addi	sp,sp,16
 800040a:	8082                	ret

0800040c <ap_irq_check>:
ap_irq_check():
/root/wsFreedomStudio/sifive_e24_rtl_eval_21G1_hello/src/ap_hal.c:168
void release_ap_if() {
  set_control_reg(FALSE, FALSE, FALSE, FALSE);
}

volatile uint8_t ap_irq_check() {
  volatile uint8_t ap_irq = *AP_IRQ;
 800040c:	800047b7          	lui	a5,0x80004
 8000410:	1887a783          	lw	a5,392(a5) # 80004188 <metal_segment_itim_target_end+0xffffc188>
/root/wsFreedomStudio/sifive_e24_rtl_eval_21G1_hello/src/ap_hal.c:167
volatile uint8_t ap_irq_check() {
 8000414:	1141                	addi	sp,sp,-16
/root/wsFreedomStudio/sifive_e24_rtl_eval_21G1_hello/src/ap_hal.c:168
  volatile uint8_t ap_irq = *AP_IRQ;
 8000416:	0ff7f793          	andi	a5,a5,255
 800041a:	00f107a3          	sb	a5,15(sp)
/root/wsFreedomStudio/sifive_e24_rtl_eval_21G1_hello/src/ap_hal.c:169
  return ap_irq;
 800041e:	00f14503          	lbu	a0,15(sp)
/root/wsFreedomStudio/sifive_e24_rtl_eval_21G1_hello/src/ap_hal.c:170
}
 8000422:	0141                	addi	sp,sp,16
 8000424:	8082                	ret

08000426 <waiting_for_ap_computing>:
waiting_for_ap_computing():
/root/wsFreedomStudio/sifive_e24_rtl_eval_21G1_hello/src/ap_hal.c:172

BitState waiting_for_ap_computing(uint32_t loops) {
 8000426:	1141                	addi	sp,sp,-16
 8000428:	c422                	sw	s0,8(sp)
 800042a:	c226                	sw	s1,4(sp)
 800042c:	c606                	sw	ra,12(sp)
 800042e:	842a                	mv	s0,a0
/root/wsFreedomStudio/sifive_e24_rtl_eval_21G1_hello/src/ap_hal.c:174
	while(loops--) {
		if(ap_irq_check() == TRUE) {
 8000430:	4485                	li	s1,1
/root/wsFreedomStudio/sifive_e24_rtl_eval_21G1_hello/src/ap_hal.c:173
	while(loops--) {
 8000432:	cc01                	beqz	s0,800044a <waiting_for_ap_computing+0x24>
/root/wsFreedomStudio/sifive_e24_rtl_eval_21G1_hello/src/ap_hal.c:174
		if(ap_irq_check() == TRUE) {
 8000434:	3fe1                	jal	800040c <ap_irq_check>
 8000436:	147d                	addi	s0,s0,-1
 8000438:	fe951de3          	bne	a0,s1,8000432 <waiting_for_ap_computing+0xc>
/root/wsFreedomStudio/sifive_e24_rtl_eval_21G1_hello/src/ap_hal.c:175
			 *AP_CONTROL = 0x0;
 800043c:	800047b7          	lui	a5,0x80004
 8000440:	1807a223          	sw	zero,388(a5) # 80004184 <metal_segment_itim_target_end+0xffffc184>
/root/wsFreedomStudio/sifive_e24_rtl_eval_21G1_hello/src/ap_hal.c:176
			 *AP_MODE = 0x0;
 8000444:	1807a023          	sw	zero,384(a5)
/root/wsFreedomStudio/sifive_e24_rtl_eval_21G1_hello/src/ap_hal.c:177
			return TRUE;
 8000448:	4405                	li	s0,1
/root/wsFreedomStudio/sifive_e24_rtl_eval_21G1_hello/src/ap_hal.c:181
		}
	}
	return FALSE;
}
 800044a:	8522                	mv	a0,s0
 800044c:	40b2                	lw	ra,12(sp)
 800044e:	4422                	lw	s0,8(sp)
 8000450:	4492                	lw	s1,4(sp)
 8000452:	0141                	addi	sp,sp,16
 8000454:	8082                	ret

08000456 <ap_set_value>:
ap_set_value():
/root/wsFreedomStudio/sifive_e24_rtl_eval_21G1_hello/src/ap_hal.c:193
	  set_control_reg(1, 0, 0, 0);
	  set_control_reg(0, 0, 0, 0);
}

void ap_set_value(APCollunm col, APInternalCollunm internal_col, uint8_t value) {
	  volatile uint32_t addr = CAM_A_0_BASE_ADDR + (AP_COL_SIZE* 2 * ((uint8_t) col)) + (AP_COL_SIZE * ((uint8_t) internal_col));
 8000456:	0ff5f793          	andi	a5,a1,255
 800045a:	80004737          	lui	a4,0x80004
 800045e:	0ff57693          	andi	a3,a0,255
 8000462:	079a                	slli	a5,a5,0x6
 8000464:	97ba                	add	a5,a5,a4
 8000466:	069e                	slli	a3,a3,0x7
/root/wsFreedomStudio/sifive_e24_rtl_eval_21G1_hello/src/ap_hal.c:192
void ap_set_value(APCollunm col, APInternalCollunm internal_col, uint8_t value) {
 8000468:	1141                	addi	sp,sp,-16
/root/wsFreedomStudio/sifive_e24_rtl_eval_21G1_hello/src/ap_hal.c:193
	  volatile uint32_t addr = CAM_A_0_BASE_ADDR + (AP_COL_SIZE* 2 * ((uint8_t) col)) + (AP_COL_SIZE * ((uint8_t) internal_col));
 800046a:	97b6                	add	a5,a5,a3
 800046c:	c63e                	sw	a5,12(sp)
/root/wsFreedomStudio/sifive_e24_rtl_eval_21G1_hello/src/ap_hal.c:194
	  uint8_t *ap = (volatile uint8_t *) addr;
 800046e:	47b2                	lw	a5,12(sp)
/root/wsFreedomStudio/sifive_e24_rtl_eval_21G1_hello/src/ap_hal.c:198
	  *ap = value;
	  *AP_CONTROL = 0x1000000;
	  set_control_reg(1, 0, 0, 0);
	  set_mode_reg(internal_col, col, 0, SET);
 8000470:	0542                	slli	a0,a0,0x10
 8000472:	05e2                	slli	a1,a1,0x18
/root/wsFreedomStudio/sifive_e24_rtl_eval_21G1_hello/src/ap_hal.c:195
	  *ap = value;
 8000474:	00c78023          	sb	a2,0(a5)
/root/wsFreedomStudio/sifive_e24_rtl_eval_21G1_hello/src/ap_hal.c:196
	  *AP_CONTROL = 0x1000000;
 8000478:	010007b7          	lui	a5,0x1000
 800047c:	18f72223          	sw	a5,388(a4) # 80004184 <metal_segment_itim_target_end+0xffffc184>
/root/wsFreedomStudio/sifive_e24_rtl_eval_21G1_hello/src/ap_hal.c:198
	  set_mode_reg(internal_col, col, 0, SET);
 8000480:	8dc9                	or	a1,a1,a0
/root/wsFreedomStudio/sifive_e24_rtl_eval_21G1_hello/src/ap_hal.c:197
	  set_control_reg(1, 0, 0, 0);
 8000482:	18f72223          	sw	a5,388(a4)
/root/wsFreedomStudio/sifive_e24_rtl_eval_21G1_hello/src/ap_hal.c:198
	  set_mode_reg(internal_col, col, 0, SET);
 8000486:	0075e593          	ori	a1,a1,7
 800048a:	18b72023          	sw	a1,384(a4)
/root/wsFreedomStudio/sifive_e24_rtl_eval_21G1_hello/src/ap_hal.c:199
	  set_control_reg(1, 0, 1, 0);
 800048e:	10078793          	addi	a5,a5,256 # 1000100 <__heap_size+0xfff900>
 8000492:	18f72223          	sw	a5,388(a4)
/root/wsFreedomStudio/sifive_e24_rtl_eval_21G1_hello/src/ap_hal.c:200
	  waiting_for_ap_computing(5);
 8000496:	4515                	li	a0,5
/root/wsFreedomStudio/sifive_e24_rtl_eval_21G1_hello/src/ap_hal.c:201
}
 8000498:	0141                	addi	sp,sp,16
/root/wsFreedomStudio/sifive_e24_rtl_eval_21G1_hello/src/ap_hal.c:200
	  waiting_for_ap_computing(5);
 800049a:	b771                	j	8000426 <waiting_for_ap_computing>

0800049c <atexit>:
atexit():
 800049c:	85aa                	mv	a1,a0
 800049e:	4681                	li	a3,0
 80004a0:	4601                	li	a2,0
 80004a2:	4501                	li	a0,0
 80004a4:	a0f9                	j	8000572 <__register_exitproc>

080004a6 <exit>:
exit():
 80004a6:	1141                	addi	sp,sp,-16
 80004a8:	c422                	sw	s0,8(sp)
 80004aa:	c606                	sw	ra,12(sp)
 80004ac:	00000797          	auipc	a5,0x0
 80004b0:	14a78793          	addi	a5,a5,330 # 80005f6 <__call_exitprocs>
 80004b4:	842a                	mv	s0,a0
 80004b6:	c399                	beqz	a5,80004bc <exit+0x16>
 80004b8:	4581                	li	a1,0
 80004ba:	2a35                	jal	80005f6 <__call_exitprocs>
 80004bc:	00000797          	auipc	a5,0x0
 80004c0:	33478793          	addi	a5,a5,820 # 80007f0 <_global_impure_ptr>
 80004c4:	4388                	lw	a0,0(a5)
 80004c6:	551c                	lw	a5,40(a0)
 80004c8:	c391                	beqz	a5,80004cc <exit+0x26>
 80004ca:	9782                	jalr	a5
 80004cc:	8522                	mv	a0,s0
 80004ce:	2c75                	jal	800078a <_exit>

080004d0 <__libc_fini_array>:
__libc_fini_array():
 80004d0:	1141                	addi	sp,sp,-16
 80004d2:	00000797          	auipc	a5,0x0
 80004d6:	df678793          	addi	a5,a5,-522 # 80002c8 <__fini_array_end>
 80004da:	c422                	sw	s0,8(sp)
 80004dc:	00000417          	auipc	s0,0x0
 80004e0:	dec40413          	addi	s0,s0,-532 # 80002c8 <__fini_array_end>
 80004e4:	8c1d                	sub	s0,s0,a5
 80004e6:	c226                	sw	s1,4(sp)
 80004e8:	c606                	sw	ra,12(sp)
 80004ea:	8409                	srai	s0,s0,0x2
 80004ec:	84be                	mv	s1,a5
 80004ee:	e411                	bnez	s0,80004fa <__libc_fini_array+0x2a>
 80004f0:	40b2                	lw	ra,12(sp)
 80004f2:	4422                	lw	s0,8(sp)
 80004f4:	4492                	lw	s1,4(sp)
 80004f6:	0141                	addi	sp,sp,16
 80004f8:	8082                	ret
 80004fa:	147d                	addi	s0,s0,-1
 80004fc:	00241793          	slli	a5,s0,0x2
 8000500:	97a6                	add	a5,a5,s1
 8000502:	439c                	lw	a5,0(a5)
 8000504:	9782                	jalr	a5
 8000506:	b7e5                	j	80004ee <__libc_fini_array+0x1e>

08000508 <__libc_init_array>:
__libc_init_array():
 8000508:	1141                	addi	sp,sp,-16
 800050a:	00000797          	auipc	a5,0x0
 800050e:	dbe78793          	addi	a5,a5,-578 # 80002c8 <__fini_array_end>
 8000512:	c422                	sw	s0,8(sp)
 8000514:	00000417          	auipc	s0,0x0
 8000518:	db440413          	addi	s0,s0,-588 # 80002c8 <__fini_array_end>
 800051c:	8c1d                	sub	s0,s0,a5
 800051e:	c226                	sw	s1,4(sp)
 8000520:	c04a                	sw	s2,0(sp)
 8000522:	c606                	sw	ra,12(sp)
 8000524:	8409                	srai	s0,s0,0x2
 8000526:	4481                	li	s1,0
 8000528:	893e                	mv	s2,a5
 800052a:	02849663          	bne	s1,s0,8000556 <__libc_init_array+0x4e>
 800052e:	00000797          	auipc	a5,0x0
 8000532:	d9a78793          	addi	a5,a5,-614 # 80002c8 <__fini_array_end>
 8000536:	00000417          	auipc	s0,0x0
 800053a:	d9240413          	addi	s0,s0,-622 # 80002c8 <__fini_array_end>
 800053e:	8c1d                	sub	s0,s0,a5
 8000540:	8409                	srai	s0,s0,0x2
 8000542:	4481                	li	s1,0
 8000544:	893e                	mv	s2,a5
 8000546:	00849f63          	bne	s1,s0,8000564 <__libc_init_array+0x5c>
 800054a:	40b2                	lw	ra,12(sp)
 800054c:	4422                	lw	s0,8(sp)
 800054e:	4492                	lw	s1,4(sp)
 8000550:	4902                	lw	s2,0(sp)
 8000552:	0141                	addi	sp,sp,16
 8000554:	8082                	ret
 8000556:	00249793          	slli	a5,s1,0x2
 800055a:	97ca                	add	a5,a5,s2
 800055c:	439c                	lw	a5,0(a5)
 800055e:	0485                	addi	s1,s1,1
 8000560:	9782                	jalr	a5
 8000562:	b7e1                	j	800052a <__libc_init_array+0x22>
 8000564:	00249793          	slli	a5,s1,0x2
 8000568:	97ca                	add	a5,a5,s2
 800056a:	439c                	lw	a5,0(a5)
 800056c:	0485                	addi	s1,s1,1
 800056e:	9782                	jalr	a5
 8000570:	bfd9                	j	8000546 <__libc_init_array+0x3e>

08000572 <__register_exitproc>:
__register_exitproc():
 8000572:	00000797          	auipc	a5,0x0
 8000576:	28e78793          	addi	a5,a5,654 # 8000800 <__tls_base>
 800057a:	439c                	lw	a5,0(a5)
 800057c:	8e2a                	mv	t3,a0
 800057e:	e38d                	bnez	a5,80005a0 <__register_exitproc+0x2e>
 8000580:	81c18713          	addi	a4,gp,-2020 # 800080c <_global_atexit0>
 8000584:	00000797          	auipc	a5,0x0
 8000588:	26e7ae23          	sw	a4,636(a5) # 8000800 <__tls_base>
 800058c:	f8000517          	auipc	a0,0xf8000
 8000590:	a7450513          	addi	a0,a0,-1420 # 0 <__metal_boot_hart>
 8000594:	87ba                	mv	a5,a4
 8000596:	c509                	beqz	a0,80005a0 <__register_exitproc+0x2e>
 8000598:	411c                	lw	a5,0(a0)
 800059a:	8af1a223          	sw	a5,-1884(gp) # 8000894 <_global_atexit0+0x88>
 800059e:	87ba                	mv	a5,a4
 80005a0:	43d8                	lw	a4,4(a5)
 80005a2:	487d                	li	a6,31
 80005a4:	557d                	li	a0,-1
 80005a6:	04e84763          	blt	a6,a4,80005f4 <__register_exitproc+0x82>
 80005aa:	020e0e63          	beqz	t3,80005e6 <__register_exitproc+0x74>
 80005ae:	0887a803          	lw	a6,136(a5)
 80005b2:	04080163          	beqz	a6,80005f4 <__register_exitproc+0x82>
 80005b6:	00271893          	slli	a7,a4,0x2
 80005ba:	98c2                	add	a7,a7,a6
 80005bc:	00c8a023          	sw	a2,0(a7)
 80005c0:	10082303          	lw	t1,256(a6)
 80005c4:	4605                	li	a2,1
 80005c6:	00e61633          	sll	a2,a2,a4
 80005ca:	00c36333          	or	t1,t1,a2
 80005ce:	10682023          	sw	t1,256(a6)
 80005d2:	08d8a023          	sw	a3,128(a7)
 80005d6:	4689                	li	a3,2
 80005d8:	00de1763          	bne	t3,a3,80005e6 <__register_exitproc+0x74>
 80005dc:	10482683          	lw	a3,260(a6)
 80005e0:	8e55                	or	a2,a2,a3
 80005e2:	10c82223          	sw	a2,260(a6)
 80005e6:	00170693          	addi	a3,a4,1
 80005ea:	070a                	slli	a4,a4,0x2
 80005ec:	c3d4                	sw	a3,4(a5)
 80005ee:	97ba                	add	a5,a5,a4
 80005f0:	c78c                	sw	a1,8(a5)
 80005f2:	4501                	li	a0,0
 80005f4:	8082                	ret

080005f6 <__call_exitprocs>:
__call_exitprocs():
 80005f6:	7179                	addi	sp,sp,-48
 80005f8:	cc52                	sw	s4,24(sp)
 80005fa:	ca56                	sw	s5,20(sp)
 80005fc:	c85a                	sw	s6,16(sp)
 80005fe:	c65e                	sw	s7,12(sp)
 8000600:	d606                	sw	ra,44(sp)
 8000602:	d422                	sw	s0,40(sp)
 8000604:	d226                	sw	s1,36(sp)
 8000606:	d04a                	sw	s2,32(sp)
 8000608:	ce4e                	sw	s3,28(sp)
 800060a:	c462                	sw	s8,8(sp)
 800060c:	8b2a                	mv	s6,a0
 800060e:	8a2e                	mv	s4,a1
 8000610:	81018a93          	addi	s5,gp,-2032 # 8000800 <__tls_base>
 8000614:	4b85                	li	s7,1
 8000616:	000aa403          	lw	s0,0(s5)
 800061a:	c811                	beqz	s0,800062e <__call_exitprocs+0x38>
 800061c:	4044                	lw	s1,4(s0)
 800061e:	08842983          	lw	s3,136(s0)
 8000622:	fff48913          	addi	s2,s1,-1
 8000626:	048a                	slli	s1,s1,0x2
 8000628:	94a2                	add	s1,s1,s0
 800062a:	00095e63          	bgez	s2,8000646 <__call_exitprocs+0x50>
 800062e:	50b2                	lw	ra,44(sp)
 8000630:	5422                	lw	s0,40(sp)
 8000632:	5492                	lw	s1,36(sp)
 8000634:	5902                	lw	s2,32(sp)
 8000636:	49f2                	lw	s3,28(sp)
 8000638:	4a62                	lw	s4,24(sp)
 800063a:	4ad2                	lw	s5,20(sp)
 800063c:	4b42                	lw	s6,16(sp)
 800063e:	4bb2                	lw	s7,12(sp)
 8000640:	4c22                	lw	s8,8(sp)
 8000642:	6145                	addi	sp,sp,48
 8000644:	8082                	ret
 8000646:	000a0e63          	beqz	s4,8000662 <__call_exitprocs+0x6c>
 800064a:	00099563          	bnez	s3,8000654 <__call_exitprocs+0x5e>
 800064e:	197d                	addi	s2,s2,-1
 8000650:	14f1                	addi	s1,s1,-4
 8000652:	bfe1                	j	800062a <__call_exitprocs+0x34>
 8000654:	00291793          	slli	a5,s2,0x2
 8000658:	97ce                	add	a5,a5,s3
 800065a:	0807a783          	lw	a5,128(a5)
 800065e:	ff4798e3          	bne	a5,s4,800064e <__call_exitprocs+0x58>
 8000662:	4058                	lw	a4,4(s0)
 8000664:	40dc                	lw	a5,4(s1)
 8000666:	177d                	addi	a4,a4,-1
 8000668:	03271863          	bne	a4,s2,8000698 <__call_exitprocs+0xa2>
 800066c:	01242223          	sw	s2,4(s0)
 8000670:	dff9                	beqz	a5,800064e <__call_exitprocs+0x58>
 8000672:	00442c03          	lw	s8,4(s0)
 8000676:	00098863          	beqz	s3,8000686 <__call_exitprocs+0x90>
 800067a:	1009a683          	lw	a3,256(s3)
 800067e:	012b9733          	sll	a4,s7,s2
 8000682:	8ef9                	and	a3,a3,a4
 8000684:	ee89                	bnez	a3,800069e <__call_exitprocs+0xa8>
 8000686:	9782                	jalr	a5
 8000688:	4058                	lw	a4,4(s0)
 800068a:	000aa783          	lw	a5,0(s5)
 800068e:	f98714e3          	bne	a4,s8,8000616 <__call_exitprocs+0x20>
 8000692:	faf40ee3          	beq	s0,a5,800064e <__call_exitprocs+0x58>
 8000696:	b741                	j	8000616 <__call_exitprocs+0x20>
 8000698:	0004a223          	sw	zero,4(s1)
 800069c:	bfd1                	j	8000670 <__call_exitprocs+0x7a>
 800069e:	00291693          	slli	a3,s2,0x2
 80006a2:	96ce                	add	a3,a3,s3
 80006a4:	428c                	lw	a1,0(a3)
 80006a6:	1049a683          	lw	a3,260(s3)
 80006aa:	8f75                	and	a4,a4,a3
 80006ac:	e701                	bnez	a4,80006b4 <__call_exitprocs+0xbe>
 80006ae:	855a                	mv	a0,s6
 80006b0:	9782                	jalr	a5
 80006b2:	bfd9                	j	8000688 <__call_exitprocs+0x92>
 80006b4:	852e                	mv	a0,a1
 80006b6:	9782                	jalr	a5
 80006b8:	bfc1                	j	8000688 <__call_exitprocs+0x92>

080006ba <metal_init>:
metal_init():
/root/wsFreedomStudio/sifive_e24_rtl_eval_21G1_hello/freedom-metal/src/init.c:20
extern metal_destructor_t metal_destructors_end;

void metal_init(void) {
    /* Make sure the constructors only run once */
    static int init_done = 0;
    if (init_done) {
 80006ba:	81818793          	addi	a5,gp,-2024 # 8000808 <init_done.1531>
 80006be:	4398                	lw	a4,0(a5)
 80006c0:	ef15                	bnez	a4,80006fc <metal_init+0x42>
/root/wsFreedomStudio/sifive_e24_rtl_eval_21G1_hello/freedom-metal/src/init.c:17
void metal_init(void) {
 80006c2:	1141                	addi	sp,sp,-16
 80006c4:	c422                	sw	s0,8(sp)
 80006c6:	c226                	sw	s1,4(sp)
/root/wsFreedomStudio/sifive_e24_rtl_eval_21G1_hello/freedom-metal/src/init.c:25
        return;
    }
    init_done = 1;

    if (&metal_constructors_end <= &metal_constructors_start) {
 80006c8:	08000437          	lui	s0,0x8000
/root/wsFreedomStudio/sifive_e24_rtl_eval_21G1_hello/freedom-metal/src/init.c:17
void metal_init(void) {
 80006cc:	c606                	sw	ra,12(sp)
/root/wsFreedomStudio/sifive_e24_rtl_eval_21G1_hello/freedom-metal/src/init.c:23
    init_done = 1;
 80006ce:	4705                	li	a4,1
 80006d0:	080004b7          	lui	s1,0x8000
 80006d4:	c398                	sw	a4,0(a5)
/root/wsFreedomStudio/sifive_e24_rtl_eval_21G1_hello/freedom-metal/src/init.c:25
    if (&metal_constructors_end <= &metal_constructors_start) {
 80006d6:	2c848493          	addi	s1,s1,712 # 80002c8 <__fini_array_end>
 80006da:	2c840793          	addi	a5,s0,712 # 80002c8 <__fini_array_end>
/root/wsFreedomStudio/sifive_e24_rtl_eval_21G1_hello/freedom-metal/src/init.c:29
        return;
    }

    metal_constructor_t *funcptr = &metal_constructors_start;
 80006de:	2c840413          	addi	s0,s0,712
/root/wsFreedomStudio/sifive_e24_rtl_eval_21G1_hello/freedom-metal/src/init.c:25
    if (&metal_constructors_end <= &metal_constructors_start) {
 80006e2:	0097ea63          	bltu	a5,s1,80006f6 <metal_init+0x3c>
/root/wsFreedomStudio/sifive_e24_rtl_eval_21G1_hello/freedom-metal/src/init.c:37

        func();

        funcptr += 1;
    }
}
 80006e6:	40b2                	lw	ra,12(sp)
 80006e8:	4422                	lw	s0,8(sp)
 80006ea:	4492                	lw	s1,4(sp)
 80006ec:	0141                	addi	sp,sp,16
 80006ee:	8082                	ret
/root/wsFreedomStudio/sifive_e24_rtl_eval_21G1_hello/freedom-metal/src/init.c:33
        func();
 80006f0:	401c                	lw	a5,0(s0)
/root/wsFreedomStudio/sifive_e24_rtl_eval_21G1_hello/freedom-metal/src/init.c:35
        funcptr += 1;
 80006f2:	0411                	addi	s0,s0,4
/root/wsFreedomStudio/sifive_e24_rtl_eval_21G1_hello/freedom-metal/src/init.c:33
        func();
 80006f4:	9782                	jalr	a5
/root/wsFreedomStudio/sifive_e24_rtl_eval_21G1_hello/freedom-metal/src/init.c:30
    while (funcptr != &metal_constructors_end) {
 80006f6:	fe941de3          	bne	s0,s1,80006f0 <metal_init+0x36>
 80006fa:	b7f5                	j	80006e6 <metal_init+0x2c>
 80006fc:	8082                	ret

080006fe <metal_fini>:
metal_fini():
/root/wsFreedomStudio/sifive_e24_rtl_eval_21G1_hello/freedom-metal/src/init.c:42

void metal_fini(void) {
    /* Make sure the destructors only run once */
    static int fini_done = 0;
    if (fini_done) {
 80006fe:	81418793          	addi	a5,gp,-2028 # 8000804 <fini_done.1540>
 8000702:	4398                	lw	a4,0(a5)
 8000704:	ef15                	bnez	a4,8000740 <metal_fini+0x42>
/root/wsFreedomStudio/sifive_e24_rtl_eval_21G1_hello/freedom-metal/src/init.c:39
void metal_fini(void) {
 8000706:	1141                	addi	sp,sp,-16
 8000708:	c422                	sw	s0,8(sp)
 800070a:	c226                	sw	s1,4(sp)
/root/wsFreedomStudio/sifive_e24_rtl_eval_21G1_hello/freedom-metal/src/init.c:47
        return;
    }
    fini_done = 1;

    if (&metal_destructors_end <= &metal_destructors_start) {
 800070c:	08000437          	lui	s0,0x8000
/root/wsFreedomStudio/sifive_e24_rtl_eval_21G1_hello/freedom-metal/src/init.c:39
void metal_fini(void) {
 8000710:	c606                	sw	ra,12(sp)
/root/wsFreedomStudio/sifive_e24_rtl_eval_21G1_hello/freedom-metal/src/init.c:45
    fini_done = 1;
 8000712:	4705                	li	a4,1
 8000714:	080004b7          	lui	s1,0x8000
 8000718:	c398                	sw	a4,0(a5)
/root/wsFreedomStudio/sifive_e24_rtl_eval_21G1_hello/freedom-metal/src/init.c:47
    if (&metal_destructors_end <= &metal_destructors_start) {
 800071a:	2c848493          	addi	s1,s1,712 # 80002c8 <__fini_array_end>
 800071e:	2c840793          	addi	a5,s0,712 # 80002c8 <__fini_array_end>
/root/wsFreedomStudio/sifive_e24_rtl_eval_21G1_hello/freedom-metal/src/init.c:51
        return;
    }

    metal_destructor_t *funcptr = &metal_destructors_start;
 8000722:	2c840413          	addi	s0,s0,712
/root/wsFreedomStudio/sifive_e24_rtl_eval_21G1_hello/freedom-metal/src/init.c:47
    if (&metal_destructors_end <= &metal_destructors_start) {
 8000726:	0097ea63          	bltu	a5,s1,800073a <metal_fini+0x3c>
/root/wsFreedomStudio/sifive_e24_rtl_eval_21G1_hello/freedom-metal/src/init.c:59

        func();

        funcptr += 1;
    }
}
 800072a:	40b2                	lw	ra,12(sp)
 800072c:	4422                	lw	s0,8(sp)
 800072e:	4492                	lw	s1,4(sp)
 8000730:	0141                	addi	sp,sp,16
 8000732:	8082                	ret
/root/wsFreedomStudio/sifive_e24_rtl_eval_21G1_hello/freedom-metal/src/init.c:55
        func();
 8000734:	401c                	lw	a5,0(s0)
/root/wsFreedomStudio/sifive_e24_rtl_eval_21G1_hello/freedom-metal/src/init.c:57
        funcptr += 1;
 8000736:	0411                	addi	s0,s0,4
/root/wsFreedomStudio/sifive_e24_rtl_eval_21G1_hello/freedom-metal/src/init.c:55
        func();
 8000738:	9782                	jalr	a5
/root/wsFreedomStudio/sifive_e24_rtl_eval_21G1_hello/freedom-metal/src/init.c:52
    while (funcptr != &metal_destructors_end) {
 800073a:	fe941de3          	bne	s0,s1,8000734 <metal_fini+0x36>
 800073e:	b7f5                	j	800072a <metal_fini+0x2c>
 8000740:	8082                	ret

08000742 <metal_init_run>:
metal_init_run():
/root/wsFreedomStudio/sifive_e24_rtl_eval_21G1_hello/freedom-metal/src/init.c:69
 * in the case that users don't want the metal constructors or
 * destructors to run.
 */

void metal_init_run(void) __attribute__((weak));
void metal_init_run(void) { metal_init(); }
 8000742:	bfa5                	j	80006ba <metal_init>

08000744 <metal_fini_run>:
metal_fini_run():
/root/wsFreedomStudio/sifive_e24_rtl_eval_21G1_hello/freedom-metal/src/init.c:72

void metal_fini_run(void) __attribute__((weak));
void metal_fini_run(void) { metal_fini(); }
 8000744:	bf6d                	j	80006fe <metal_fini>

08000746 <__metal_driver_sifive_test0_exit>:
__metal_driver_sifive_test0_base():
/root/wsFreedomStudio/sifive_e24_rtl_eval_21G1_hello/bsp/build/release/./metal/machine.h:720


/* --------------------- sifive_test0 ------------ */
static __inline__ unsigned long __metal_driver_sifive_test0_base(const struct __metal_shutdown *sd)
{
	if ((uintptr_t)sd == (uintptr_t)&__metal_dt_teststatus_4000) {
 8000746:	080007b7          	lui	a5,0x8000
 800074a:	7f478793          	addi	a5,a5,2036 # 80007f4 <__metal_dt_teststatus_4000>
/root/wsFreedomStudio/sifive_e24_rtl_eval_21G1_hello/bsp/build/release/./metal/machine.h:721
		return METAL_SIFIVE_TEST0_4000_BASE_ADDRESS;
 800074e:	6691                	lui	a3,0x4
/root/wsFreedomStudio/sifive_e24_rtl_eval_21G1_hello/bsp/build/release/./metal/machine.h:720
	if ((uintptr_t)sd == (uintptr_t)&__metal_dt_teststatus_4000) {
 8000750:	00a78363          	beq	a5,a0,8000756 <__metal_driver_sifive_test0_exit+0x10>
/root/wsFreedomStudio/sifive_e24_rtl_eval_21G1_hello/bsp/build/release/./metal/machine.h:724
	}
	else {
		return 0;
 8000754:	4681                	li	a3,0
__metal_driver_sifive_test0_exit():
/root/wsFreedomStudio/sifive_e24_rtl_eval_21G1_hello/freedom-metal/src/drivers/sifive_test0.c:20
void __metal_driver_sifive_test0_exit(const struct __metal_shutdown *sd,
                                      int code) __attribute__((noreturn));
void __metal_driver_sifive_test0_exit(const struct __metal_shutdown *sd,
                                      int code) {
    long base = __metal_driver_sifive_test0_base(sd);
    uint32_t out = (code << 16) + (code == 0 ? 0x5555 : 0x3333);
 8000756:	01059713          	slli	a4,a1,0x10
 800075a:	c599                	beqz	a1,8000768 <__metal_driver_sifive_test0_exit+0x22>
 800075c:	678d                	lui	a5,0x3
 800075e:	33378793          	addi	a5,a5,819 # 3333 <__heap_size+0x2b33>
/root/wsFreedomStudio/sifive_e24_rtl_eval_21G1_hello/freedom-metal/src/drivers/sifive_test0.c:20 (discriminator 4)
 8000762:	97ba                	add	a5,a5,a4
/root/wsFreedomStudio/sifive_e24_rtl_eval_21G1_hello/freedom-metal/src/drivers/sifive_test0.c:23 (discriminator 1)
    while (1) {
        __METAL_ACCESS_ONCE((
            __metal_io_u32 *)(base + METAL_SIFIVE_TEST0_FINISHER_OFFSET)) = out;
 8000764:	c29c                	sw	a5,0(a3)
 8000766:	bffd                	j	8000764 <__metal_driver_sifive_test0_exit+0x1e>
/root/wsFreedomStudio/sifive_e24_rtl_eval_21G1_hello/freedom-metal/src/drivers/sifive_test0.c:20
    uint32_t out = (code << 16) + (code == 0 ? 0x5555 : 0x3333);
 8000768:	6795                	lui	a5,0x5
 800076a:	55578793          	addi	a5,a5,1365 # 5555 <__heap_size+0x4d55>
 800076e:	bfd5                	j	8000762 <__metal_driver_sifive_test0_exit+0x1c>

08000770 <__metal_shutdown_exit>:
__metal_shutdown_exit():
/root/wsFreedomStudio/sifive_e24_rtl_eval_21G1_hello/freedom-metal/metal/shutdown.h:27

__inline__ void __metal_shutdown_exit(const struct __metal_shutdown *sd,
                                      int code) __attribute__((noreturn));
__inline__ void __metal_shutdown_exit(const struct __metal_shutdown *sd,
                                      int code) {
    sd->vtable->exit(sd, code);
 8000770:	411c                	lw	a5,0(a0)
/root/wsFreedomStudio/sifive_e24_rtl_eval_21G1_hello/freedom-metal/metal/shutdown.h:26
                                      int code) {
 8000772:	1141                	addi	sp,sp,-16
 8000774:	c606                	sw	ra,12(sp)
/root/wsFreedomStudio/sifive_e24_rtl_eval_21G1_hello/freedom-metal/metal/shutdown.h:27
    sd->vtable->exit(sd, code);
 8000776:	439c                	lw	a5,0(a5)
 8000778:	9782                	jalr	a5

0800077a <metal_shutdown>:
metal_shutdown():
/root/wsFreedomStudio/sifive_e24_rtl_eval_21G1_hello/freedom-metal/src/shutdown.c:12
extern __inline__ void __metal_shutdown_exit(const struct __metal_shutdown *sd,
                                             int code);

#if defined(__METAL_DT_SHUTDOWN_HANDLE)
void metal_shutdown(int code) {
    __metal_shutdown_exit(__METAL_DT_SHUTDOWN_HANDLE, code);
 800077a:	85aa                	mv	a1,a0
 800077c:	08000537          	lui	a0,0x8000
/root/wsFreedomStudio/sifive_e24_rtl_eval_21G1_hello/freedom-metal/src/shutdown.c:11
void metal_shutdown(int code) {
 8000780:	1141                	addi	sp,sp,-16
/root/wsFreedomStudio/sifive_e24_rtl_eval_21G1_hello/freedom-metal/src/shutdown.c:12
    __metal_shutdown_exit(__METAL_DT_SHUTDOWN_HANDLE, code);
 8000782:	7f450513          	addi	a0,a0,2036 # 80007f4 <__metal_dt_teststatus_4000>
/root/wsFreedomStudio/sifive_e24_rtl_eval_21G1_hello/freedom-metal/src/shutdown.c:11
void metal_shutdown(int code) {
 8000786:	c606                	sw	ra,12(sp)
/root/wsFreedomStudio/sifive_e24_rtl_eval_21G1_hello/freedom-metal/src/shutdown.c:12
    __metal_shutdown_exit(__METAL_DT_SHUTDOWN_HANDLE, code);
 8000788:	37e5                	jal	8000770 <__metal_shutdown_exit>

0800078a <_exit>:
_exit():
/root/wsFreedomStudio/sifive_e24_rtl_eval_21G1_hello/freedom-metal/gloss/sys_exit.c:3
#include <metal/shutdown.h>

void _exit(int exit_status) {
 800078a:	1141                	addi	sp,sp,-16
 800078c:	c606                	sw	ra,12(sp)
/root/wsFreedomStudio/sifive_e24_rtl_eval_21G1_hello/freedom-metal/gloss/sys_exit.c:4
    metal_shutdown(exit_status);
 800078e:	37f5                	jal	800077a <metal_shutdown>
